Archive member included because of file (symbol)

c:/program files (x86)/atmel/atmel toolchain/avr32 gcc/native/3.4.2.1002/avr32-gnu-toolchain/bin/../lib/gcc/avr32/4.4.7/ucr2\libgcc.a(_avr32_f32_cmp_lt.o)
                              src/tasks/ledtask.o (__avr32_f32_cmp_lt)
c:/program files (x86)/atmel/atmel toolchain/avr32 gcc/native/3.4.2.1002/avr32-gnu-toolchain/bin/../lib/gcc/avr32/4.4.7/ucr2\libgcc.a(_avr32_s32_to_f32.o)
                              src/tasks/processingtask.o (__avr32_s32_to_f32)
c:/program files (x86)/atmel/atmel toolchain/avr32 gcc/native/3.4.2.1002/avr32-gnu-toolchain/bin/../lib/gcc/avr32/4.4.7/../../../../avr32/lib/ucr2\libc.a(lib_a-atexit.o)
                              c:/program files (x86)/atmel/atmel toolchain/avr32 gcc/native/3.4.2.1002/avr32-gnu-toolchain/bin/../lib/gcc/avr32/4.4.7/../../../../avr32/lib/ucr2/crt0.o (atexit)
c:/program files (x86)/atmel/atmel toolchain/avr32 gcc/native/3.4.2.1002/avr32-gnu-toolchain/bin/../lib/gcc/avr32/4.4.7/../../../../avr32/lib/ucr2\libc.a(lib_a-exit.o)
                              c:/program files (x86)/atmel/atmel toolchain/avr32 gcc/native/3.4.2.1002/avr32-gnu-toolchain/bin/../lib/gcc/avr32/4.4.7/../../../../avr32/lib/ucr2/crt0.o (exit)
c:/program files (x86)/atmel/atmel toolchain/avr32 gcc/native/3.4.2.1002/avr32-gnu-toolchain/bin/../lib/gcc/avr32/4.4.7/../../../../avr32/lib/ucr2\libc.a(lib_a-impure.o)
                              c:/program files (x86)/atmel/atmel toolchain/avr32 gcc/native/3.4.2.1002/avr32-gnu-toolchain/bin/../lib/gcc/avr32/4.4.7/../../../../avr32/lib/ucr2\libc.a(lib_a-exit.o) (_global_impure_ptr)
c:/program files (x86)/atmel/atmel toolchain/avr32 gcc/native/3.4.2.1002/avr32-gnu-toolchain/bin/../lib/gcc/avr32/4.4.7/../../../../avr32/lib/ucr2\libc.a(lib_a-malloc.o)
                              src/ASF/thirdparty/freertos/freertos-7.0.0/source/portable/memmang/heap_3.o (free)
c:/program files (x86)/atmel/atmel toolchain/avr32 gcc/native/3.4.2.1002/avr32-gnu-toolchain/bin/../lib/gcc/avr32/4.4.7/../../../../avr32/lib/ucr2\libc.a(lib_a-mallocr.o)
                              c:/program files (x86)/atmel/atmel toolchain/avr32 gcc/native/3.4.2.1002/avr32-gnu-toolchain/bin/../lib/gcc/avr32/4.4.7/../../../../avr32/lib/ucr2\libc.a(lib_a-malloc.o) (_malloc_r)
c:/program files (x86)/atmel/atmel toolchain/avr32 gcc/native/3.4.2.1002/avr32-gnu-toolchain/bin/../lib/gcc/avr32/4.4.7/../../../../avr32/lib/ucr2\libc.a(lib_a-memcpy.o)
                              src/tasks/processingtask.o (memcpy)
c:/program files (x86)/atmel/atmel toolchain/avr32 gcc/native/3.4.2.1002/avr32-gnu-toolchain/bin/../lib/gcc/avr32/4.4.7/../../../../avr32/lib/ucr2\libc.a(lib_a-memset.o)
                              src/ASF/thirdparty/freertos/freertos-7.0.0/source/tasks.o (memset)
c:/program files (x86)/atmel/atmel toolchain/avr32 gcc/native/3.4.2.1002/avr32-gnu-toolchain/bin/../lib/gcc/avr32/4.4.7/../../../../avr32/lib/ucr2\libc.a(lib_a-putchar.o)
                              src/ASF/thirdparty/freertos/demo/lwip_avr32_uc3_example/printf-stdarg.o (putchar)
c:/program files (x86)/atmel/atmel toolchain/avr32 gcc/native/3.4.2.1002/avr32-gnu-toolchain/bin/../lib/gcc/avr32/4.4.7/../../../../avr32/lib/ucr2\libc.a(lib_a-realloc.o)
                              src/ASF/thirdparty/freertos/freertos-7.0.0/source/portable/gcc/avr32_uc3/port.o (realloc)
c:/program files (x86)/atmel/atmel toolchain/avr32 gcc/native/3.4.2.1002/avr32-gnu-toolchain/bin/../lib/gcc/avr32/4.4.7/../../../../avr32/lib/ucr2\libc.a(lib_a-reallocr.o)
                              c:/program files (x86)/atmel/atmel toolchain/avr32 gcc/native/3.4.2.1002/avr32-gnu-toolchain/bin/../lib/gcc/avr32/4.4.7/../../../../avr32/lib/ucr2\libc.a(lib_a-realloc.o) (_realloc_r)
c:/program files (x86)/atmel/atmel toolchain/avr32 gcc/native/3.4.2.1002/avr32-gnu-toolchain/bin/../lib/gcc/avr32/4.4.7/../../../../avr32/lib/ucr2\libc.a(lib_a-sbrkr.o)
                              c:/program files (x86)/atmel/atmel toolchain/avr32 gcc/native/3.4.2.1002/avr32-gnu-toolchain/bin/../lib/gcc/avr32/4.4.7/../../../../avr32/lib/ucr2\libc.a(lib_a-mallocr.o) (_sbrk_r)
c:/program files (x86)/atmel/atmel toolchain/avr32 gcc/native/3.4.2.1002/avr32-gnu-toolchain/bin/../lib/gcc/avr32/4.4.7/../../../../avr32/lib/ucr2\libc.a(lib_a-strcat.o)
                              src/ASF/thirdparty/freertos/demo/lwip_avr32_uc3_example/network/basicweb/BasicWEB.o (strcat)
c:/program files (x86)/atmel/atmel toolchain/avr32 gcc/native/3.4.2.1002/avr32-gnu-toolchain/bin/../lib/gcc/avr32/4.4.7/../../../../avr32/lib/ucr2\libc.a(lib_a-strcpy.o)
                              src/ASF/thirdparty/freertos/demo/lwip_avr32_uc3_example/network/basictftp/BasicTFTP.o (strcpy)
c:/program files (x86)/atmel/atmel toolchain/avr32 gcc/native/3.4.2.1002/avr32-gnu-toolchain/bin/../lib/gcc/avr32/4.4.7/../../../../avr32/lib/ucr2\libc.a(lib_a-strlen.o)
[...]
Memory Configuration

Name             Origin             Length             Attributes
FLASH            0x80000000         0x00080000         axrl !w
INTRAM           0x00000004         0x0000fffc         axw !rl
USERPAGE         0x80800000         0x00000200
*default*        0x00000000         0xffffffff

Linker script and memory map

                0x00001000                _stack_size = 0x1000
LOAD c:/program files (x86)/atmel/atmel toolchain/avr32 gcc/native/3.4.2.1002/avr32-gnu-toolchain/bin/../lib/gcc/avr32/4.4.7/../../../../avr32/lib/ucr2/crt0.o
LOAD c:/program files (x86)/atmel/atmel toolchain/avr32 gcc/native/3.4.2.1002/avr32-gnu-toolchain/bin/../lib/gcc/avr32/4.4.7/ucr2/crti.o
LOAD c:/program files (x86)/atmel/atmel toolchain/avr32 gcc/native/3.4.2.1002/avr32-gnu-toolchain/bin/../lib/gcc/avr32/4.4.7/ucr2/crtbegin.o
LOAD src/ASF/avr32/components/display/dip204/dip204.o
LOAD src/ASF/avr32/drivers/pwm/pwm.o
LOAD src/common.o
LOAD src/I2CStuff/myI2CLib.o
LOAD src/I2CStuff/rgbsensor.o
LOAD src/main.o
LOAD src/tasks/ledtask.o
LOAD src/tasks/processingtask.o
LOAD src/tasks/sensortask.o
LOAD src/ASF/avr32/drivers/twi/twi.o
LOAD src/ASF/common/services/spi/uc3_spi/spi_master.o
LOAD src/ASF/common/services/clock/uc3a0_a1/sysclk.o
LOAD src/ASF/avr32/drivers/spi/spi.o
LOAD src/ASF/avr32/drivers/adc/adc.o
LOAD src/ASF/avr32/boards/evk1100/led.o
LOAD src/ASF/avr32/drivers/flashc/flashc.o
LOAD src/ASF/avr32/drivers/gpio/gpio.o
LOAD src/ASF/avr32/drivers/intc/intc.o
LOAD src/ASF/avr32/drivers/macb/macb.o
LOAD src/ASF/avr32/drivers/pm/pm.o
LOAD src/ASF/avr32/drivers/pm/pm_conf_clocks.o
LOAD src/ASF/avr32/drivers/pm/power_clocks_lib.o
LOAD src/ASF/avr32/drivers/tc/tc.o
LOAD src/ASF/avr32/drivers/usart/usart.o
LOAD src/ASF/avr32/utils/startup/trampoline_uc3.o
LOAD src/ASF/thirdparty/freertos/demo/common/minimal/flash.o
LOAD src/ASF/thirdparty/freertos/demo/lwip_avr32_uc3_example/network/basicsmtp/BasicSMTP.o
LOAD src/ASF/thirdparty/freertos/demo/lwip_avr32_uc3_example/network/basictftp/BasicTFTP.o
LOAD src/ASF/thirdparty/freertos/demo/lwip_avr32_uc3_example/network/basicweb/BasicWEB.o
LOAD src/ASF/thirdparty/freertos/demo/lwip_avr32_uc3_example/network/ethernet.o
LOAD src/ASF/thirdparty/freertos/demo/lwip_avr32_uc3_example/partest/ParTest.o
LOAD src/ASF/thirdparty/freertos/demo/lwip_avr32_uc3_example/printf-stdarg.o
LOAD src/ASF/thirdparty/freertos/freertos-7.0.0/source/croutine.o
LOAD src/ASF/thirdparty/freertos/freertos-7.0.0/source/list.o
LOAD src/ASF/thirdparty/freertos/freertos-7.0.0/source/portable/gcc/avr32_uc3/exception.o
LOAD src/ASF/thirdparty/freertos/freertos-7.0.0/source/portable/gcc/avr32_uc3/port.o
LOAD src/ASF/thirdparty/freertos/freertos-7.0.0/source/portable/gcc/avr32_uc3/read.o
LOAD src/ASF/thirdparty/freertos/freertos-7.0.0/source/portable/gcc/avr32_uc3/write.o
LOAD src/ASF/thirdparty/freertos/freertos-7.0.0/source/portable/memmang/heap_3.o
LOAD src/ASF/thirdparty/freertos/freertos-7.0.0/source/queue.o
LOAD src/ASF/thirdparty/freertos/freertos-7.0.0/source/tasks.o
LOAD src/ASF/thirdparty/freertos/freertos-7.0.0/source/timers.o
LOAD src/ASF/thirdparty/lwip/lwip-1.4.0/src/api/api_lib.o
LOAD src/ASF/thirdparty/lwip/lwip-1.4.0/src/api/api_msg.o
LOAD src/ASF/thirdparty/lwip/lwip-1.4.0/src/api/err.o
LOAD src/ASF/thirdparty/lwip/lwip-1.4.0/src/api/netbuf.o
LOAD src/ASF/thirdparty/lwip/lwip-1.4.0/src/api/netdb.o
LOAD src/ASF/thirdparty/lwip/lwip-1.4.0/src/api/netifapi.o
LOAD src/ASF/thirdparty/lwip/lwip-1.4.0/src/api/sockets.o
LOAD src/ASF/thirdparty/lwip/lwip-1.4.0/src/api/tcpip.o
LOAD src/ASF/thirdparty/lwip/lwip-1.4.0/src/core/def.o
LOAD src/ASF/thirdparty/lwip/lwip-1.4.0/src/core/dhcp.o
LOAD src/ASF/thirdparty/lwip/lwip-1.4.0/src/core/dns.o
LOAD src/ASF/thirdparty/lwip/lwip-1.4.0/src/core/init.o
LOAD src/ASF/thirdparty/lwip/lwip-1.4.0/src/core/ipv4/autoip.o
LOAD src/ASF/thirdparty/lwip/lwip-1.4.0/src/core/ipv4/icmp.o
LOAD src/ASF/thirdparty/lwip/lwip-1.4.0/src/core/ipv4/igmp.o
LOAD src/ASF/thirdparty/lwip/lwip-1.4.0/src/core/ipv4/inet.o
LOAD src/ASF/thirdparty/lwip/lwip-1.4.0/src/core/ipv4/inet_chksum.o
LOAD src/ASF/thirdparty/lwip/lwip-1.4.0/src/core/ipv4/ip.o
LOAD src/ASF/thirdparty/lwip/lwip-1.4.0/src/core/ipv4/ip_addr.o
LOAD src/ASF/thirdparty/lwip/lwip-1.4.0/src/core/ipv4/ip_frag.o
LOAD src/ASF/thirdparty/lwip/lwip-1.4.0/src/core/lwip_timers_140.o
LOAD src/ASF/thirdparty/lwip/lwip-1.4.0/src/core/mem.o
LOAD src/ASF/thirdparty/lwip/lwip-1.4.0/src/core/memp.o
LOAD src/ASF/thirdparty/lwip/lwip-1.4.0/src/core/netif.o
LOAD src/ASF/thirdparty/lwip/lwip-1.4.0/src/core/pbuf.o
LOAD src/ASF/thirdparty/lwip/lwip-1.4.0/src/core/raw.o
LOAD src/ASF/thirdparty/lwip/lwip-1.4.0/src/core/stats.o
LOAD src/ASF/thirdparty/lwip/lwip-1.4.0/src/core/sys.o
LOAD src/ASF/thirdparty/lwip/lwip-1.4.0/src/core/tcp.o
LOAD src/ASF/thirdparty/lwip/lwip-1.4.0/src/core/tcp_in.o
LOAD src/ASF/thirdparty/lwip/lwip-1.4.0/src/core/tcp_out.o
LOAD src/ASF/thirdparty/lwip/lwip-1.4.0/src/core/udp.o
LOAD src/ASF/thirdparty/lwip/lwip-1.4.0/src/netif/etharp.o
LOAD src/ASF/thirdparty/lwip/lwip-port-1.4.0/at32uc3/netif/ethernetif.o
LOAD src/ASF/thirdparty/lwip/lwip-port-1.4.0/at32uc3/sys_arch.o
START GROUP
LOAD c:/program files (x86)/atmel/atmel toolchain/avr32 gcc/native/3.4.2.1002/avr32-gnu-toolchain/bin/../lib/gcc/avr32/4.4.7/../../../../avr32/lib/ucr2\libm.a
END GROUP
LOAD c:/program files (x86)/atmel/atmel toolchain/avr32 gcc/native/3.4.2.1002/avr32-gnu-toolchain/bin/../lib/gcc/avr32/4.4.7/ucr2\libgcc.a
LOAD c:/program files (x86)/atmel/atmel toolchain/avr32 gcc/native/3.4.2.1002/avr32-gnu-toolchain/bin/../lib/gcc/avr32/4.4.7/../../../../avr32/lib/ucr2\libc.a
LOAD c:/program files (x86)/atmel/atmel toolchain/avr32 gcc/native/3.4.2.1002/avr32-gnu-toolchain/bin/../lib/gcc/avr32/4.4.7/ucr2\libgcc.a
LOAD c:/program files (x86)/atmel/atmel toolchain/avr32 gcc/native/3.4.2.1002/avr32-gnu-toolchain/bin/../lib/gcc/avr32/4.4.7/ucr2/crtend.o
LOAD c:/program files (x86)/atmel/atmel toolchain/avr32 gcc/native/3.4.2.1002/avr32-gnu-toolchain/bin/../lib/gcc/avr32/4.4.7/ucr2/crtn.o
                0xffffffff                __max_heap_size__ = 0xffffffff
                [0xffffffff]                __heap_size__ = DEFINED (__heap_size__)?__heap_size__:__max_heap_size__
                [0x00001000]                __stack_size__ = DEFINED (__stack_size__)?__stack_size__:0x1000
                0x80000000                PROVIDE (__executable_start, 0x80000000)
                0x80000000                . = 0x80000000

.interp
 *(.interp)

.reset          0x80000000     0x200c
 *(.reset)
 .reset         0x80000000        0x8 c:/program files (x86)/atmel/atmel toolchain/avr32 gcc/native/3.4.2.1002/avr32-gnu-toolchain/bin/../lib/gcc/avr32/4.4.7/../../../../avr32/lib/ucr2/crt0.o
                0x80000000                _start
 .reset         0x80000008     0x2004 src/ASF/avr32/utils/startup/trampoline_uc3.o
                               0x2008 (size before relaxing)
                0x80000008                _trampoline

.hash
 *(.hash)

.dynsym
 *(.dynsym)

.dynstr
 *(.dynstr)

.gnu.version
 *(.gnu.version)

.gnu.version_d
 *(.gnu.version_d)

.gnu.version_r
 *(.gnu.version_r)

.rel.init
 *(.rel.init)

.rela.init
 *(.rela.init)

.rel.text
 *(.rel.text .rel.text.* .rel.gnu.linkonce.t.*)

.rela.text
 *(.rela.text .rela.text.* .rela.gnu.linkonce.t.*)

.rel.fini
 *(.rel.fini)

.rela.fini
 *(.rela.fini)

.rel.rodata
 *(.rel.rodata .rel.rodata.* .rel.gnu.linkonce.r.*)

.rela.rodata
 *(.rela.rodata .rela.rodata.* .rela.gnu.linkonce.r.*)

.rel.data.rel.ro
 *(.rel.data.rel.ro*)

.rela.data.rel.ro
 *(.rel.data.rel.ro*)

.rel.data
 *(.rel.data .rel.data.* .rel.gnu.linkonce.d.*)

.rela.data
 *(.rela.data .rela.data.* .rela.gnu.linkonce.d.*)

.rel.tdata
 *(.rel.tdata .rel.tdata.* .rel.gnu.linkonce.td.*)

.rela.tdata
 *(.rela.tdata .rela.tdata.* .rela.gnu.linkonce.td.*)

.rel.tbss
 *(.rel.tbss .rel.tbss.* .rel.gnu.linkonce.tb.*)

.rela.tbss
 *(.rela.tbss .rela.tbss.* .rela.gnu.linkonce.tb.*)

.rel.ctors
 *(.rel.ctors)

.rela.ctors
 *(.rela.ctors)

.rel.dtors
 *(.rel.dtors)

.rela.dtors
 *(.rela.dtors)

.rel.got
 *(.rel.got)

.rela.got       0x8000200c        0x0
 *(.rela.got)
 .rela.got      0x8000200c        0x0 c:/program files (x86)/atmel/atmel toolchain/avr32 gcc/native/3.4.2.1002/avr32-gnu-toolchain/bin/../lib/gcc/avr32/4.4.7/../../../../avr32/lib/ucr2/crt0.o

.rel.bss
 *(.rel.bss .rel.bss.* .rel.gnu.linkonce.b.*)

.rela.bss
 *(.rela.bss .rela.bss.* .rela.gnu.linkonce.b.*)

.rel.plt
 *(.rel.plt)

.rela.plt
 *(.rela.plt)

.init           0x8000200c       0x1a
 *(.init)
 .init          0x8000200c       0x10 c:/program files (x86)/atmel/atmel toolchain/avr32 gcc/native/3.4.2.1002/avr32-gnu-toolchain/bin/../lib/gcc/avr32/4.4.7/ucr2/crti.o
                0x8000200c                _init
 .init          0x8000201c        0x2 c:/program files (x86)/atmel/atmel toolchain/avr32 gcc/native/3.4.2.1002/avr32-gnu-toolchain/bin/../lib/gcc/avr32/4.4.7/ucr2/crtbegin.o
                                  0x4 (size before relaxing)
 .init          0x8000201e        0x4 c:/program files (x86)/atmel/atmel toolchain/avr32 gcc/native/3.4.2.1002/avr32-gnu-toolchain/bin/../lib/gcc/avr32/4.4.7/ucr2/crtend.o
 .init          0x80002022        0x4 c:/program files (x86)/atmel/atmel toolchain/avr32 gcc/native/3.4.2.1002/avr32-gnu-toolchain/bin/../lib/gcc/avr32/4.4.7/ucr2/crtn.o

.plt
 *(.plt)

.text           0x80002028     0x83dc
 *(.text .stub .text.* .gnu.linkonce.t.*)
 .text          0x80002028       0x64 c:/program files (x86)/atmel/atmel toolchain/avr32 gcc/native/3.4.2.1002/avr32-gnu-toolchain/bin/../lib/gcc/avr32/4.4.7/../../../../avr32/lib/ucr2/crt0.o
                                 0x84 (size before relaxing)
                0x80002028                _stext
 .text          0x8000208c       0x54 c:/program files (x86)/atmel/atmel toolchain/avr32 gcc/native/3.4.2.1002/avr32-gnu-toolchain/bin/../lib/gcc/avr32/4.4.7/ucr2/crtbegin.o
                                 0x64 (size before relaxing)
 .text.dip204_select
                0x800020e0       0x14 src/ASF/avr32/components/display/dip204/dip204.o
 .text.dip204_write_byte
                0x800020f4       0x58 src/ASF/avr32/components/display/dip204/dip204.o
 .text.dip204_read_byte
                0x8000214c       0x3c src/ASF/avr32/components/display/dip204/dip204.o
 .text.dip204_wait_busy
                0x80002188       0x34 src/ASF/avr32/components/display/dip204/dip204.o
 .text.dip204_unselect
                0x800021bc       0x14 src/ASF/avr32/components/display/dip204/dip204.o
 .text.dip204_printf_string
                0x800021d0       0x98 src/ASF/avr32/components/display/dip204/dip204.o
                0x800021d0                dip204_printf_string
 .text.dip204_set_cursor_position
                0x80002268       0x5c src/ASF/avr32/components/display/dip204/dip204.o
                0x80002268                dip204_set_cursor_position
 .text.dip204_hide_cursor
                0x800022c4       0x30 src/ASF/avr32/components/display/dip204/dip204.o
                0x800022c4                dip204_hide_cursor
 .text.dip204_init
                0x800022f4      0x220 src/ASF/avr32/components/display/dip204/dip204.o
                0x800022f4                dip204_init
 .text.pwm_channel_init
                0x80002514       0x36 src/ASF/avr32/drivers/pwm/pwm.o
                0x80002514                pwm_channel_init
 .text.pwm_start_channels
                0x8000254a       0x12 src/ASF/avr32/drivers/pwm/pwm.o
                0x8000254a                pwm_start_channels
 .text.pwm_init
                0x8000255c       0x46 src/ASF/avr32/drivers/pwm/pwm.o
                0x8000255c                pwm_init
 *fill*         0x800025a2        0x2 d703d703
 .text.display_init
                0x800025a4       0x88 src/common.o
                0x800025a4                display_init
 .text.I2C_Init
                0x8000262c       0x68 src/I2CStuff/myI2CLib.o
                0x8000262c                I2C_Init
 .text.I2C_writeRegister
                0x80002694       0x58 src/I2CStuff/myI2CLib.o
                0x80002694                I2C_writeRegister
 .text.write8   0x800026ec       0x14 src/I2CStuff/myI2CLib.o
                0x800026ec                write8
 .text.I2C_readRegister
                0x80002700       0x54 src/I2CStuff/myI2CLib.o
                0x80002700                I2C_readRegister
 .text.read16   0x80002754       0x14 src/I2CStuff/myI2CLib.o
                0x80002754                read16
 .text.read8    0x80002768       0x14 src/I2CStuff/myI2CLib.o
                0x80002768                read8
 .text.read_red
                0x8000277c       0x10 src/I2CStuff/rgbsensor.o
                0x8000277c                read_red
 .text.read_blue
                0x8000278c       0x10 src/I2CStuff/rgbsensor.o
                0x8000278c                read_blue
 .text.read_green
                0x8000279c       0x10 src/I2CStuff/rgbsensor.o
                0x8000279c                read_green
 .text.get_rgb  0x800027ac       0x40 src/I2CStuff/rgbsensor.o
                0x800027ac                get_rgb
 .text.rgb_config
                0x800027ec       0x70 src/I2CStuff/rgbsensor.o
                0x800027ec                rgb_config
 .text.rgb_reset
                0x8000285c       0x6c src/I2CStuff/rgbsensor.o
                0x8000285c                rgb_reset
 .text.rgb_init
                0x800028c8       0x40 src/I2CStuff/rgbsensor.o
                0x800028c8                rgb_init
 .text.launch_all_nukes
                0x80002908       0x6c src/main.o
                0x80002908                launch_all_nukes
 .text.main     0x80002974       0x54 src/main.o
                0x80002974                main
 .text.myLEDtask
                0x800029c8       0xf8 src/tasks/ledtask.o
                0x800029c8                myLEDtask
 .text.my_processing_task
                0x80002ac0       0x88 src/tasks/processingtask.o
                0x80002ac0                my_processing_task
 .text.mysensortask
                0x80002b48       0x90 src/tasks/sensortask.o
                0x80002b48                mysensortask
 .text.twi_master_interrupt_handler
                0x80002bd8       0xbc src/ASF/avr32/drivers/twi/twi.o
 .text.twi_mk_addr
                0x80002c94       0x22 src/ASF/avr32/drivers/twi/twi.o
 *fill*         0x80002cb6        0x2 d703d703
 .text.twi_is_busy
                0x80002cb8        0xc src/ASF/avr32/drivers/twi/twi.o
                0x80002cb8                twi_is_busy
 .text.twi_master_write
                0x80002cc4       0xb0 src/ASF/avr32/drivers/twi/twi.o
                0x80002cc4                twi_master_write
 .text.twi_master_read
                0x80002d74       0xb8 src/ASF/avr32/drivers/twi/twi.o
                0x80002d74                twi_master_read
 .text.twi_master_init
                0x80002e2c       0x94 src/ASF/avr32/drivers/twi/twi.o
                0x80002e2c                twi_master_init
 .text.getBaudDiv
                0x80002ec0       0x20 src/ASF/avr32/drivers/spi/spi.o
                0x80002ec0                getBaudDiv
 .text.spi_initMaster
                0x80002ee0       0x38 src/ASF/avr32/drivers/spi/spi.o
                0x80002ee0                spi_initMaster
 .text.spi_selectionMode
                0x80002f18       0x2c src/ASF/avr32/drivers/spi/spi.o
                0x80002f18                spi_selectionMode
 .text.spi_enable
                0x80002f44        0x6 src/ASF/avr32/drivers/spi/spi.o
                0x80002f44                spi_enable
 .text.spi_write
                0x80002f4a       0x1c src/ASF/avr32/drivers/spi/spi.o
                0x80002f4a                spi_write
 .text.spi_read
                0x80002f66       0x20 src/ASF/avr32/drivers/spi/spi.o
                0x80002f66                spi_read
 *fill*         0x80002f86        0x2 d703d703
 .text.spi_setupChipReg
                0x80002f88       0xe8 src/ASF/avr32/drivers/spi/spi.o
                0x80002f88                spi_setupChipReg
 .text.spi_unselectChip
                0x80003070       0x40 src/ASF/avr32/drivers/spi/spi.o
                0x80003070                spi_unselectChip
 .text.spi_selectChip
                0x800030b0       0x78 src/ASF/avr32/drivers/spi/spi.o
                0x800030b0                spi_selectChip
 .text.LED_Display
                0x80003128       0x54 src/ASF/avr32/boards/evk1100/led.o
                0x80003128                LED_Display
 .text.LED_On   0x8000317c       0x50 src/ASF/avr32/boards/evk1100/led.o
                0x8000317c                LED_On
 .text.LED_Off  0x800031cc       0x54 src/ASF/avr32/boards/evk1100/led.o
                0x800031cc                LED_Off
 .text.flashc_set_wait_state
                0x80003220        0xe src/ASF/avr32/drivers/flashc/flashc.o
                0x80003220                flashc_set_wait_state
 .text.gpio_enable_module_pin
                0x8000322e       0x52 src/ASF/avr32/drivers/gpio/gpio.o
                0x8000322e                gpio_enable_module_pin
 .text.gpio_enable_module
                0x80003280       0x30 src/ASF/avr32/drivers/gpio/gpio.o
                0x80003280                gpio_enable_module
 .text.gpio_set_gpio_pin
                0x800032b0       0x1c src/ASF/avr32/drivers/gpio/gpio.o
                0x800032b0                gpio_set_gpio_pin
 .text.gpio_clr_gpio_pin
                0x800032cc       0x1c src/ASF/avr32/drivers/gpio/gpio.o
                0x800032cc                gpio_clr_gpio_pin
 .text._unhandled_interrupt
                0x800032e8        0x2 src/ASF/avr32/drivers/intc/intc.o
 *fill*         0x800032ea        0x2 d703d703
 .text.INTC_register_interrupt
                0x800032ec       0x80 src/ASF/avr32/drivers/intc/intc.o
                0x800032ec                INTC_register_interrupt
 .text.INTC_init_interrupts
                0x8000336c       0x54 src/ASF/avr32/drivers/intc/intc.o
                0x8000336c                INTC_init_interrupts
 .text._get_interrupt_handler
                0x800033c0       0x38 src/ASF/avr32/drivers/intc/intc.o
                0x800033c0                _get_interrupt_handler
 .text.pm_set_osc0_mode
                0x800033f8        0xa src/ASF/avr32/drivers/pm/pm.o
 *fill*         0x80003402        0x2 d703d703
 .text.pm_enable_osc0_crystal
                0x80003404       0x3c src/ASF/avr32/drivers/pm/pm.o
                0x80003404                pm_enable_osc0_crystal
 .text.pm_enable_clk0_no_wait
                0x80003440       0x10 src/ASF/avr32/drivers/pm/pm.o
                0x80003440                pm_enable_clk0_no_wait
 .text.pm_wait_for_clk0_ready
                0x80003450        0xa src/ASF/avr32/drivers/pm/pm.o
                0x80003450                pm_wait_for_clk0_ready
 *fill*         0x8000345a        0x2 d703d703
 .text.pm_enable_clk0
                0x8000345c       0x1c src/ASF/avr32/drivers/pm/pm.o
                0x8000345c                pm_enable_clk0
 .text.pm_cksel
                0x80003478       0x46 src/ASF/avr32/drivers/pm/pm.o
                0x80003478                pm_cksel
 .text.pm_pll_setup
                0x800034be       0x22 src/ASF/avr32/drivers/pm/pm.o
                0x800034be                pm_pll_setup
 .text.pm_pll_set_option
                0x800034e0       0x1a src/ASF/avr32/drivers/pm/pm.o
                0x800034e0                pm_pll_set_option
 .text.pm_pll_enable
                0x800034fa        0xe src/ASF/avr32/drivers/pm/pm.o
                0x800034fa                pm_pll_enable
 .text.pm_wait_for_pll0_locked
                0x80003508        0xa src/ASF/avr32/drivers/pm/pm.o
                0x80003508                pm_wait_for_pll0_locked
 .text.pm_switch_to_clock
                0x80003512        0xa src/ASF/avr32/drivers/pm/pm.o
                0x80003512                pm_switch_to_clock
 .text.pm_switch_to_osc0
                0x8000351c       0x2c src/ASF/avr32/drivers/pm/pm.o
                0x8000351c                pm_switch_to_osc0
 .text.pm_configure_clocks
                0x80003548      0x1d4 src/ASF/avr32/drivers/pm/pm_conf_clocks.o
                0x80003548                pm_configure_clocks
 .text.pcl_configure_clocks
                0x8000371c        0xc src/ASF/avr32/drivers/pm/power_clocks_lib.o
                0x8000371c                pcl_configure_clocks
 .text.usart_write_char
                0x80003728       0x14 src/ASF/avr32/drivers/usart/usart.o
                0x80003728                usart_write_char
 .text.usart_putchar
                0x8000373c       0x2c src/ASF/avr32/drivers/usart/usart.o
                0x8000373c                usart_putchar
 .text.usart_read_char
                0x80003768       0x22 src/ASF/avr32/drivers/usart/usart.o
                0x80003768                usart_read_char
 *fill*         0x8000378a        0x2 d703d703
 .text.usart_getchar
                0x8000378c       0x2c src/ASF/avr32/drivers/usart/usart.o
                0x8000378c                usart_getchar
 .text.vParTestInitialise
                0x800037b8       0x10 src/ASF/thirdparty/freertos/demo/lwip_avr32_uc3_example/partest/ParTest.o
                0x800037b8                vParTestInitialise
 .text.vListInitialise
                0x800037c8       0x14 src/ASF/thirdparty/freertos/freertos-7.0.0/source/list.o
                0x800037c8                vListInitialise
 .text.vListInitialiseItem
                0x800037dc        0x6 src/ASF/thirdparty/freertos/freertos-7.0.0/source/list.o
                0x800037dc                vListInitialiseItem
 .text.vListInsertEnd
                0x800037e2       0x1c src/ASF/thirdparty/freertos/freertos-7.0.0/source/list.o
                0x800037e2                vListInsertEnd
 .text.vListInsert
                0x800037fe       0x34 src/ASF/thirdparty/freertos/freertos-7.0.0/source/list.o
                0x800037fe                vListInsert
 .text.vListRemove
                0x80003832       0x26 src/ASF/thirdparty/freertos/freertos-7.0.0/source/list.o
                0x80003832                vListRemove
 .text.pxPortInitialiseStack
                0x80003858       0x92 src/ASF/thirdparty/freertos/freertos-7.0.0/source/portable/gcc/avr32_uc3/port.o
                0x80003858                pxPortInitialiseStack
 *fill*         0x800038ea        0x2 d703d703
 .text.vPortEnterCritical
                0x800038ec       0x10 src/ASF/thirdparty/freertos/freertos-7.0.0/source/portable/gcc/avr32_uc3/port.o
                0x800038ec                vPortEnterCritical
 .text.xPortStartScheduler
                0x800038fc       0x58 src/ASF/thirdparty/freertos/freertos-7.0.0/source/portable/gcc/avr32_uc3/port.o
                0x800038fc                xPortStartScheduler
 .text.SCALLYield
                0x80003954       0x98 src/ASF/thirdparty/freertos/freertos-7.0.0/source/portable/gcc/avr32_uc3/port.o
                0x80003954                SCALLYield
 .text.prvClearCcInt
                0x800039ec        0xa src/ASF/thirdparty/freertos/freertos-7.0.0/source/portable/gcc/avr32_uc3/port.o
 *fill*         0x800039f6        0x2 d703d703
 .text.vPortExitCritical
                0x800039f8       0x20 src/ASF/thirdparty/freertos/freertos-7.0.0/source/portable/gcc/avr32_uc3/port.o
                0x800039f8                vPortExitCritical
 .text.vTick    0x80003a18       0x84 src/ASF/thirdparty/freertos/freertos-7.0.0/source/portable/gcc/avr32_uc3/port.o
 .text.__malloc_lock
                0x80003a9c        0xc src/ASF/thirdparty/freertos/freertos-7.0.0/source/portable/gcc/avr32_uc3/port.o
                0x80003a9c                __malloc_lock
 .text.__malloc_unlock
                0x80003aa8        0xc src/ASF/thirdparty/freertos/freertos-7.0.0/source/portable/gcc/avr32_uc3/port.o
                0x80003aa8                __malloc_unlock
 .text._init_startup
                0x80003ab4       0x18 src/ASF/thirdparty/freertos/freertos-7.0.0/source/portable/gcc/avr32_uc3/port.o
                0x80003ab4                _init_startup
 .text._read    0x80003acc       0x40 src/ASF/thirdparty/freertos/freertos-7.0.0/source/portable/gcc/avr32_uc3/read.o
                0x80003acc                _read
 .text._write   0x80003b0c       0x3c src/ASF/thirdparty/freertos/freertos-7.0.0/source/portable/gcc/avr32_uc3/write.o
                0x80003b0c                _write
 .text.vPortFree
                0x80003b48       0x28 src/ASF/thirdparty/freertos/freertos-7.0.0/source/portable/memmang/heap_3.o
                0x80003b48                vPortFree
 .text.pvPortMalloc
                0x80003b70       0x28 src/ASF/thirdparty/freertos/freertos-7.0.0/source/portable/memmang/heap_3.o
                0x80003b70                pvPortMalloc
 .text.prvCopyDataFromQueue
                0x80003b98       0x30 src/ASF/thirdparty/freertos/freertos-7.0.0/source/queue.o
 .text.prvUnlockQueue
                0x80003bc8       0xa0 src/ASF/thirdparty/freertos/freertos-7.0.0/source/queue.o
 .text.xQueueGenericReceive
                0x80003c68      0x144 src/ASF/thirdparty/freertos/freertos-7.0.0/source/queue.o
                0x80003c68                xQueueGenericReceive
 .text.prvCopyDataToQueue
                0x80003dac       0x78 src/ASF/thirdparty/freertos/freertos-7.0.0/source/queue.o
 .text.xQueueGenericSend
                0x80003e24      0x100 src/ASF/thirdparty/freertos/freertos-7.0.0/source/queue.o
                0x80003e24                xQueueGenericSend
 .text.xQueueCreateMutex
                0x80003f24       0x58 src/ASF/thirdparty/freertos/freertos-7.0.0/source/queue.o
                0x80003f24                xQueueCreateMutex
 .text.xQueueCreate
                0x80003f7c       0x74 src/ASF/thirdparty/freertos/freertos-7.0.0/source/queue.o
                0x80003f7c                xQueueCreate
 .text.vTaskSuspendAll
                0x80003ff0       0x10 src/ASF/thirdparty/freertos/freertos-7.0.0/source/tasks.o
                0x80003ff0                vTaskSuspendAll
 .text.vTaskSwitchContext
                0x80004000       0xe4 src/ASF/thirdparty/freertos/freertos-7.0.0/source/tasks.o
                0x80004000                vTaskSwitchContext
 .text.vTaskSetTimeOutState
                0x800040e4       0x18 src/ASF/thirdparty/freertos/freertos-7.0.0/source/tasks.o
                0x800040e4                vTaskSetTimeOutState
 .text.vTaskMissedYield
                0x800040fc        0xc src/ASF/thirdparty/freertos/freertos-7.0.0/source/tasks.o
                0x800040fc                vTaskMissedYield
 .text.xTaskGetCurrentTaskHandle
                0x80004108        0xc src/ASF/thirdparty/freertos/freertos-7.0.0/source/tasks.o
                0x80004108                xTaskGetCurrentTaskHandle
 .text.vTaskPriorityDisinherit
                0x80004114       0x58 src/ASF/thirdparty/freertos/freertos-7.0.0/source/tasks.o
                0x80004114                vTaskPriorityDisinherit
 .text.vTaskPriorityInherit
                0x8000416c       0x84 src/ASF/thirdparty/freertos/freertos-7.0.0/source/tasks.o
                0x8000416c                vTaskPriorityInherit
 .text.xTaskRemoveFromEventList
                0x800041f0       0x7c src/ASF/thirdparty/freertos/freertos-7.0.0/source/tasks.o
                0x800041f0                xTaskRemoveFromEventList
 .text.vTaskIncrementTick
                0x8000426c      0x114 src/ASF/thirdparty/freertos/freertos-7.0.0/source/tasks.o
                0x8000426c                vTaskIncrementTick
 .text.xTaskCheckForTimeOut
                0x80004380       0x70 src/ASF/thirdparty/freertos/freertos-7.0.0/source/tasks.o
                0x80004380                xTaskCheckForTimeOut
 .text.xTaskResumeAll
                0x800043f0       0xe8 src/ASF/thirdparty/freertos/freertos-7.0.0/source/tasks.o
                0x800043f0                xTaskResumeAll
 .text.prvAddCurrentTaskToDelayedList
                0x800044d8       0x5c src/ASF/thirdparty/freertos/freertos-7.0.0/source/tasks.o
 .text.vTaskDelay
                0x80004534       0x48 src/ASF/thirdparty/freertos/freertos-7.0.0/source/tasks.o
                0x80004534                vTaskDelay
 .text.vTaskPlaceOnEventList
                0x8000457c       0x58 src/ASF/thirdparty/freertos/freertos-7.0.0/source/tasks.o
                0x8000457c                vTaskPlaceOnEventList
 .text.prvIdleTask
                0x800045d4       0x80 src/ASF/thirdparty/freertos/freertos-7.0.0/source/tasks.o
 .text.xTaskGenericCreate
                0x80004654      0x1f0 src/ASF/thirdparty/freertos/freertos-7.0.0/source/tasks.o
                0x80004654                xTaskGenericCreate
 .text.vTaskStartScheduler
                0x80004844       0x4c src/ASF/thirdparty/freertos/freertos-7.0.0/source/tasks.o
                0x80004844                vTaskStartScheduler
 .text          0x80004890       0x34 c:/program files (x86)/atmel/atmel toolchain/avr32 gcc/native/3.4.2.1002/avr32-gnu-toolchain/bin/../lib/gcc/avr32/4.4.7/ucr2\libgcc.a(_avr32_f32_cmp_lt.o)
                0x80004890                __avr32_f32_cmp_lt
 .text          0x800048c4       0x74 c:/program files (x86)/atmel/atmel toolchain/avr32 gcc/native/3.4.2.1002/avr32-gnu-toolchain/bin/../lib/gcc/avr32/4.4.7/ucr2\libgcc.a(_avr32_s32_to_f32.o)
                0x800048c4                __avr32_s32_to_f32
 .text.atexit   0x80004938       0x10 c:/program files (x86)/atmel/atmel toolchain/avr32 gcc/native/3.4.2.1002/avr32-gnu-toolchain/bin/../lib/gcc/avr32/4.4.7/../../../../avr32/lib/ucr2\libc.a(lib_a-atexit.o)
                                 0x14 (size before relaxing)
                0x80004938                atexit
 .text.exit     0x80004948       0x20 c:/program files (x86)/atmel/atmel toolchain/avr32 gcc/native/3.4.2.1002/avr32-gnu-toolchain/bin/../lib/gcc/avr32/4.4.7/../../../../avr32/lib/ucr2\libc.a(lib_a-exit.o)
                                 0x28 (size before relaxing)
                0x80004948                exit
 .text.free     0x80004968       0x10 c:/program files (x86)/atmel/atmel toolchain/avr32 gcc/native/3.4.2.1002/avr32-gnu-toolchain/bin/../lib/gcc/avr32/4.4.7/../../../../avr32/lib/ucr2\libc.a(lib_a-malloc.o)
                                 0x18 (size before relaxing)
                0x80004968                free
 .text.malloc   0x80004978       0x10 c:/program files (x86)/atmel/atmel toolchain/avr32 gcc/native/3.4.2.1002/avr32-gnu-toolchain/bin/../lib/gcc/avr32/4.4.7/../../../../avr32/lib/ucr2\libc.a(lib_a-malloc.o)
                                 0x18 (size before relaxing)
                0x80004978                malloc
 .text._malloc_r
                0x80004988      0x438 c:/program files (x86)/atmel/atmel toolchain/avr32 gcc/native/3.4.2.1002/avr32-gnu-toolchain/bin/../lib/gcc/avr32/4.4.7/../../../../avr32/lib/ucr2\libc.a(lib_a-mallocr.o)
                                0x450 (size before relaxing)
                0x80004988                _malloc_r
 .text          0x80004dc0      0x148 c:/program files (x86)/atmel/atmel toolchain/avr32 gcc/native/3.4.2.1002/avr32-gnu-toolchain/bin/../lib/gcc/avr32/4.4.7/../../../../avr32/lib/ucr2\libc.a(lib_a-memcpy.o)
                0x80004dc0                memcpy
 .text.memset   0x80004f08        0xe c:/program files (x86)/atmel/atmel toolchain/avr32 gcc/native/3.4.2.1002/avr32-gnu-toolchain/bin/../lib/gcc/avr32/4.4.7/../../../../avr32/lib/ucr2\libc.a(lib_a-memset.o)
                0x80004f08                memset
 *fill*         0x80004f16        0x2 d703d703
 .text._realloc_r
                0x80004f18      0x2c0 c:/program files (x86)/atmel/atmel toolchain/avr32 gcc/native/3.4.2.1002/avr32-gnu-toolchain/bin/../lib/gcc/avr32/4.4.7/../../../../avr32/lib/ucr2\libc.a(lib_a-reallocr.o)
                                0x2e0 (size before relaxing)
                0x80004f18                _realloc_r
 .text._sbrk_r  0x800051d8       0x20 c:/program files (x86)/atmel/atmel toolchain/avr32 gcc/native/3.4.2.1002/avr32-gnu-toolchain/bin/../lib/gcc/avr32/4.4.7/../../../../avr32/lib/ucr2\libc.a(lib_a-sbrkr.o)
                                 0x28 (size before relaxing)
                0x800051d8                _sbrk_r
 .text.strlen   0x800051f8       0x16 c:/program files (x86)/atmel/atmel toolchain/avr32 gcc/native/3.4.2.1002/avr32-gnu-toolchain/bin/../lib/gcc/avr32/4.4.7/../../../../avr32/lib/ucr2\libc.a(lib_a-strlen.o)
                0x800051f8                strlen
 *fill*         0x8000520e        0x2 d703d703
 .text          0x80005210       0x20 c:/program files (x86)/atmel/atmel toolchain/avr32 gcc/native/3.4.2.1002/avr32-gnu-toolchain/bin/../lib/gcc/avr32/4.4.7/../../../../avr32/lib/ucr2\libc.a(lib_a-strncpy.o)
                0x80005210                strncpy
 .text._init_argv
                0x80005230        0xa c:/program files (x86)/atmel/atmel toolchain/avr32 gcc/native/3.4.2.1002/avr32-gnu-toolchain/bin/../lib/gcc/avr32/4.4.7/../../../../avr32/lib/ucr2\libc.a(lib_a-syscalls.o)
                0x80005230                _init_argv
 .text._exit    0x8000523a        0xa c:/program files (x86)/atmel/atmel toolchain/avr32 gcc/native/3.4.2.1002/avr32-gnu-toolchain/bin/../lib/gcc/avr32/4.4.7/../../../../avr32/lib/ucr2\libc.a(lib_a-syscalls.o)
                0x8000523a                _exit
 .text._close   0x80005244       0x14 c:/program files (x86)/atmel/atmel toolchain/avr32 gcc/native/3.4.2.1002/avr32-gnu-toolchain/bin/../lib/gcc/avr32/4.4.7/../../../../avr32/lib/ucr2\libc.a(lib_a-syscalls.o)
                                 0x18 (size before relaxing)
                0x80005244                _close
 .text._lseek   0x80005258       0x14 c:/program files (x86)/atmel/atmel toolchain/avr32 gcc/native/3.4.2.1002/avr32-gnu-toolchain/bin/../lib/gcc/avr32/4.4.7/../../../../avr32/lib/ucr2\libc.a(lib_a-syscalls.o)
                                 0x18 (size before relaxing)
                0x80005258                _lseek
 .text.isatty   0x8000526c       0x14 c:/program files (x86)/atmel/atmel toolchain/avr32 gcc/native/3.4.2.1002/avr32-gnu-toolchain/bin/../lib/gcc/avr32/4.4.7/../../../../avr32/lib/ucr2\libc.a(lib_a-syscalls.o)
                                 0x18 (size before relaxing)
                0x8000526c                isatty
 .text._fstat_host
                0x80005280       0x14 c:/program files (x86)/atmel/atmel toolchain/avr32 gcc/native/3.4.2.1002/avr32-gnu-toolchain/bin/../lib/gcc/avr32/4.4.7/../../../../avr32/lib/ucr2\libc.a(lib_a-syscalls.o)
                                 0x18 (size before relaxing)
                0x80005280                _fstat_host
 .text._fstat   0x80005294       0x4c c:/program files (x86)/atmel/atmel toolchain/avr32 gcc/native/3.4.2.1002/avr32-gnu-toolchain/bin/../lib/gcc/avr32/4.4.7/../../../../avr32/lib/ucr2\libc.a(lib_a-syscalls.o)
                                 0x50 (size before relaxing)
                0x80005294                _fstat
 .text._sbrk    0x800052e0       0x38 c:/program files (x86)/atmel/atmel toolchain/avr32 gcc/native/3.4.2.1002/avr32-gnu-toolchain/bin/../lib/gcc/avr32/4.4.7/../../../../avr32/lib/ucr2\libc.a(lib_a-syscalls.o)
                                 0x40 (size before relaxing)
                0x800052e0                _sbrk
 .text._vsprintf_r
                0x80005318       0x30 c:/program files (x86)/atmel/atmel toolchain/avr32 gcc/native/3.4.2.1002/avr32-gnu-toolchain/bin/../lib/gcc/avr32/4.4.7/../../../../avr32/lib/ucr2\libc.a(lib_a-vsprintf.o)
                                 0x34 (size before relaxing)
                0x80005318                _vsprintf_r
 .text.vsprintf
                0x80005348       0x14 c:/program files (x86)/atmel/atmel toolchain/avr32 gcc/native/3.4.2.1002/avr32-gnu-toolchain/bin/../lib/gcc/avr32/4.4.7/../../../../avr32/lib/ucr2\libc.a(lib_a-vsprintf.o)
                                 0x1c (size before relaxing)
                0x80005348                vsprintf
 .text.__register_exitproc
                0x8000535c       0xa4 c:/program files (x86)/atmel/atmel toolchain/avr32 gcc/native/3.4.2.1002/avr32-gnu-toolchain/bin/../lib/gcc/avr32/4.4.7/../../../../avr32/lib/ucr2\libc.a(lib_a-__atexit.o)
                                 0xac (size before relaxing)
                0x8000535c                __register_exitproc
 .text.__call_exitprocs
                0x80005400       0xcc c:/program files (x86)/atmel/atmel toolchain/avr32 gcc/native/3.4.2.1002/avr32-gnu-toolchain/bin/../lib/gcc/avr32/4.4.7/../../../../avr32/lib/ucr2\libc.a(lib_a-__call_atexit.o)
                                 0xd4 (size before relaxing)
                0x80005400                __call_exitprocs
 .text.__errno  0x800054cc        0xc c:/program files (x86)/atmel/atmel toolchain/avr32 gcc/native/3.4.2.1002/avr32-gnu-toolchain/bin/../lib/gcc/avr32/4.4.7/../../../../avr32/lib/ucr2\libc.a(lib_a-errno.o)
                0x800054cc                __errno
 .text.__sfp_lock_acquire
                0x800054d8        0x2 c:/program files (x86)/atmel/atmel toolchain/avr32 gcc/native/3.4.2.1002/avr32-gnu-toolchain/bin/../lib/gcc/avr32/4.4.7/../../../../avr32/lib/ucr2\libc.a(lib_a-findfp.o)
                0x800054d8                __sfp_lock_acquire
 .text.__sfp_lock_release
                0x800054da        0x2 c:/program files (x86)/atmel/atmel toolchain/avr32 gcc/native/3.4.2.1002/avr32-gnu-toolchain/bin/../lib/gcc/avr32/4.4.7/../../../../avr32/lib/ucr2\libc.a(lib_a-findfp.o)
                0x800054da                __sfp_lock_release
 .text._cleanup_r
                0x800054dc        0xc c:/program files (x86)/atmel/atmel toolchain/avr32 gcc/native/3.4.2.1002/avr32-gnu-toolchain/bin/../lib/gcc/avr32/4.4.7/../../../../avr32/lib/ucr2\libc.a(lib_a-findfp.o)
                                 0x14 (size before relaxing)
                0x800054dc                _cleanup_r
 .text.__sfmoreglue
                0x800054e8       0x28 c:/program files (x86)/atmel/atmel toolchain/avr32 gcc/native/3.4.2.1002/avr32-gnu-toolchain/bin/../lib/gcc/avr32/4.4.7/../../../../avr32/lib/ucr2\libc.a(lib_a-findfp.o)
                                 0x30 (size before relaxing)
                0x800054e8                __sfmoreglue
 .text.__sfp    0x80005510       0x6c c:/program files (x86)/atmel/atmel toolchain/avr32 gcc/native/3.4.2.1002/avr32-gnu-toolchain/bin/../lib/gcc/avr32/4.4.7/../../../../avr32/lib/ucr2\libc.a(lib_a-findfp.o)
                                 0x7c (size before relaxing)
                0x80005510                __sfp
 .text.__sinit  0x8000557c       0x9c c:/program files (x86)/atmel/atmel toolchain/avr32 gcc/native/3.4.2.1002/avr32-gnu-toolchain/bin/../lib/gcc/avr32/4.4.7/../../../../avr32/lib/ucr2\libc.a(lib_a-findfp.o)
                                 0xb0 (size before relaxing)
                0x8000557c                __sinit
 .text._malloc_trim_r
                0x80005618       0x98 c:/program files (x86)/atmel/atmel toolchain/avr32 gcc/native/3.4.2.1002/avr32-gnu-toolchain/bin/../lib/gcc/avr32/4.4.7/../../../../avr32/lib/ucr2\libc.a(lib_a-freer.o)
                                 0xa8 (size before relaxing)
                0x80005618                _malloc_trim_r
 .text._free_r  0x800056b0      0x18c c:/program files (x86)/atmel/atmel toolchain/avr32 gcc/native/3.4.2.1002/avr32-gnu-toolchain/bin/../lib/gcc/avr32/4.4.7/../../../../avr32/lib/ucr2\libc.a(lib_a-freer.o)
                                0x1a0 (size before relaxing)
                0x800056b0                _free_r
 .text._fwalk   0x8000583c       0x48 c:/program files (x86)/atmel/atmel toolchain/avr32 gcc/native/3.4.2.1002/avr32-gnu-toolchain/bin/../lib/gcc/avr32/4.4.7/../../../../avr32/lib/ucr2\libc.a(lib_a-fwalk.o)
                                 0x54 (size before relaxing)
                0x8000583c                _fwalk
 .text.memmove  0x80005884       0x3e c:/program files (x86)/atmel/atmel toolchain/avr32 gcc/native/3.4.2.1002/avr32-gnu-toolchain/bin/../lib/gcc/avr32/4.4.7/../../../../avr32/lib/ucr2\libc.a(lib_a-memmove.o)
                0x80005884                memmove
 *fill*         0x800058c2        0x2 d703d703
 .text.__sclose
                0x800058c4        0xc c:/program files (x86)/atmel/atmel toolchain/avr32 gcc/native/3.4.2.1002/avr32-gnu-toolchain/bin/../lib/gcc/avr32/4.4.7/../../../../avr32/lib/ucr2\libc.a(lib_a-stdio.o)
                                 0x10 (size before relaxing)
                0x800058c4                __sclose
 .text.__sseek  0x800058d0       0x24 c:/program files (x86)/atmel/atmel toolchain/avr32 gcc/native/3.4.2.1002/avr32-gnu-toolchain/bin/../lib/gcc/avr32/4.4.7/../../../../avr32/lib/ucr2\libc.a(lib_a-stdio.o)
                                 0x28 (size before relaxing)
                0x800058d0                __sseek
 .text.__swrite
                0x800058f4       0x30 c:/program files (x86)/atmel/atmel toolchain/avr32 gcc/native/3.4.2.1002/avr32-gnu-toolchain/bin/../lib/gcc/avr32/4.4.7/../../../../avr32/lib/ucr2\libc.a(lib_a-stdio.o)
                                 0x38 (size before relaxing)
                0x800058f4                __swrite
 .text.__sread  0x80005924       0x20 c:/program files (x86)/atmel/atmel toolchain/avr32 gcc/native/3.4.2.1002/avr32-gnu-toolchain/bin/../lib/gcc/avr32/4.4.7/../../../../avr32/lib/ucr2\libc.a(lib_a-stdio.o)
                                 0x24 (size before relaxing)
                0x80005924                __sread
 .text.get_arg  0x80005944      0x314 c:/program files (x86)/atmel/atmel toolchain/avr32 gcc/native/3.4.2.1002/avr32-gnu-toolchain/bin/../lib/gcc/avr32/4.4.7/../../../../avr32/lib/ucr2\libc.a(lib_a-vfprintf.o)
                                0x324 (size before relaxing)
 .text.__sprint_r
                0x80005c58       0x1c c:/program files (x86)/atmel/atmel toolchain/avr32 gcc/native/3.4.2.1002/avr32-gnu-toolchain/bin/../lib/gcc/avr32/4.4.7/../../../../avr32/lib/ucr2\libc.a(lib_a-vfprintf.o)
                                 0x20 (size before relaxing)
 .text._vfprintf_r
                0x80005c74     0x1f14 c:/program files (x86)/atmel/atmel toolchain/avr32 gcc/native/3.4.2.1002/avr32-gnu-toolchain/bin/../lib/gcc/avr32/4.4.7/../../../../avr32/lib/ucr2\libc.a(lib_a-vfprintf.o)
                               0x1f9c (size before relaxing)
                0x80005c74                _vfprintf_r
 .text._write_r
                0x80007b88       0x28 c:/program files (x86)/atmel/atmel toolchain/avr32 gcc/native/3.4.2.1002/avr32-gnu-toolchain/bin/../lib/gcc/avr32/4.4.7/../../../../avr32/lib/ucr2\libc.a(lib_a-writer.o)
                                 0x2c (size before relaxing)
                0x80007b88                _write_r
 .text.__swsetup_r
                0x80007bb0       0xdc c:/program files (x86)/atmel/atmel toolchain/avr32 gcc/native/3.4.2.1002/avr32-gnu-toolchain/bin/../lib/gcc/avr32/4.4.7/../../../../avr32/lib/ucr2\libc.a(lib_a-wsetup.o)
                                 0xe8 (size before relaxing)
                0x80007bb0                __swsetup_r
 .text._close_r
                0x80007c8c       0x20 c:/program files (x86)/atmel/atmel toolchain/avr32 gcc/native/3.4.2.1002/avr32-gnu-toolchain/bin/../lib/gcc/avr32/4.4.7/../../../../avr32/lib/ucr2\libc.a(lib_a-closer.o)
                                 0x28 (size before relaxing)
                0x80007c8c                _close_r
 .text.quorem   0x80007cac      0x120 c:/program files (x86)/atmel/atmel toolchain/avr32 gcc/native/3.4.2.1002/avr32-gnu-toolchain/bin/../lib/gcc/avr32/4.4.7/../../../../avr32/lib/ucr2\libc.a(lib_a-dtoa.o)
                                0x124 (size before relaxing)
 .text._dtoa_r  0x80007dcc      0xbdc c:/program files (x86)/atmel/atmel toolchain/avr32 gcc/native/3.4.2.1002/avr32-gnu-toolchain/bin/../lib/gcc/avr32/4.4.7/../../../../avr32/lib/ucr2\libc.a(lib_a-dtoa.o)
                                0xc90 (size before relaxing)
                0x80007dcc                _dtoa_r
 .text._fclose_r
                0x800089a8       0xb4 c:/program files (x86)/atmel/atmel toolchain/avr32 gcc/native/3.4.2.1002/avr32-gnu-toolchain/bin/../lib/gcc/avr32/4.4.7/../../../../avr32/lib/ucr2\libc.a(lib_a-fclose.o)
                                 0xd0 (size before relaxing)
                0x800089a8                _fclose_r
 .text.fclose   0x80008a5c       0x10 c:/program files (x86)/atmel/atmel toolchain/avr32 gcc/native/3.4.2.1002/avr32-gnu-toolchain/bin/../lib/gcc/avr32/4.4.7/../../../../avr32/lib/ucr2\libc.a(lib_a-fclose.o)
                                 0x18 (size before relaxing)
                0x80008a5c                fclose
 .text._fflush_r
                0x80008a6c      0x110 c:/program files (x86)/atmel/atmel toolchain/avr32 gcc/native/3.4.2.1002/avr32-gnu-toolchain/bin/../lib/gcc/avr32/4.4.7/../../../../avr32/lib/ucr2\libc.a(lib_a-fflush.o)
                                0x118 (size before relaxing)
                0x80008a6c                _fflush_r
 .text.__sfvwrite_r
                0x80008b7c      0x29c c:/program files (x86)/atmel/atmel toolchain/avr32 gcc/native/3.4.2.1002/avr32-gnu-toolchain/bin/../lib/gcc/avr32/4.4.7/../../../../avr32/lib/ucr2\libc.a(lib_a-fvwrite.o)
                                0x2c4 (size before relaxing)
                0x80008b7c                __sfvwrite_r
 .text._localeconv_r
                0x80008e18        0x8 c:/program files (x86)/atmel/atmel toolchain/avr32 gcc/native/3.4.2.1002/avr32-gnu-toolchain/bin/../lib/gcc/avr32/4.4.7/../../../../avr32/lib/ucr2\libc.a(lib_a-locale.o)
                0x80008e18                _localeconv_r
 .text._lseek_r
                0x80008e20       0x28 c:/program files (x86)/atmel/atmel toolchain/avr32 gcc/native/3.4.2.1002/avr32-gnu-toolchain/bin/../lib/gcc/avr32/4.4.7/../../../../avr32/lib/ucr2\libc.a(lib_a-lseekr.o)
                                 0x2c (size before relaxing)
                0x80008e20                _lseek_r
 .text.__smakebuf_r
                0x80008e48       0xbc c:/program files (x86)/atmel/atmel toolchain/avr32 gcc/native/3.4.2.1002/avr32-gnu-toolchain/bin/../lib/gcc/avr32/4.4.7/../../../../avr32/lib/ucr2\libc.a(lib_a-makebuf.o)
                                 0xcc (size before relaxing)
                0x80008e48                __smakebuf_r
 .text.memchr   0x80008f04       0x16 c:/program files (x86)/atmel/atmel toolchain/avr32 gcc/native/3.4.2.1002/avr32-gnu-toolchain/bin/../lib/gcc/avr32/4.4.7/../../../../avr32/lib/ucr2\libc.a(lib_a-memchr.o)
                0x80008f04                memchr
 .text.__hi0bits
                0x80008f1a       0x60 c:/program files (x86)/atmel/atmel toolchain/avr32 gcc/native/3.4.2.1002/avr32-gnu-toolchain/bin/../lib/gcc/avr32/4.4.7/../../../../avr32/lib/ucr2\libc.a(lib_a-mprec.o)
                0x80008f1a                __hi0bits
 .text.__lo0bits
                0x80008f7a       0x8e c:/program files (x86)/atmel/atmel toolchain/avr32 gcc/native/3.4.2.1002/avr32-gnu-toolchain/bin/../lib/gcc/avr32/4.4.7/../../../../avr32/lib/ucr2\libc.a(lib_a-mprec.o)
                0x80008f7a                __lo0bits
 .text.__mcmp   0x80009008       0x32 c:/program files (x86)/atmel/atmel toolchain/avr32 gcc/native/3.4.2.1002/avr32-gnu-toolchain/bin/../lib/gcc/avr32/4.4.7/../../../../avr32/lib/ucr2\libc.a(lib_a-mprec.o)
                0x80009008                __mcmp
 *fill*         0x8000903a        0x2 d703d703
 .text._Bfree   0x8000903c       0x34 c:/program files (x86)/atmel/atmel toolchain/avr32 gcc/native/3.4.2.1002/avr32-gnu-toolchain/bin/../lib/gcc/avr32/4.4.7/../../../../avr32/lib/ucr2\libc.a(lib_a-mprec.o)
                                 0x38 (size before relaxing)
                0x8000903c                _Bfree
 .text._Balloc  0x80009070       0x70 c:/program files (x86)/atmel/atmel toolchain/avr32 gcc/native/3.4.2.1002/avr32-gnu-toolchain/bin/../lib/gcc/avr32/4.4.7/../../../../avr32/lib/ucr2\libc.a(lib_a-mprec.o)
                                 0x78 (size before relaxing)
                0x80009070                _Balloc
 .text.__d2b    0x800090e0       0xa0 c:/program files (x86)/atmel/atmel toolchain/avr32 gcc/native/3.4.2.1002/avr32-gnu-toolchain/bin/../lib/gcc/avr32/4.4.7/../../../../avr32/lib/ucr2\libc.a(lib_a-mprec.o)
                                 0xb4 (size before relaxing)
                0x800090e0                __d2b
 .text.__mdiff  0x80009180       0xd0 c:/program files (x86)/atmel/atmel toolchain/avr32 gcc/native/3.4.2.1002/avr32-gnu-toolchain/bin/../lib/gcc/avr32/4.4.7/../../../../avr32/lib/ucr2\libc.a(lib_a-mprec.o)
                                 0xd8 (size before relaxing)
                0x80009180                __mdiff
 .text.__lshift
                0x80009250       0x88 c:/program files (x86)/atmel/atmel toolchain/avr32 gcc/native/3.4.2.1002/avr32-gnu-toolchain/bin/../lib/gcc/avr32/4.4.7/../../../../avr32/lib/ucr2\libc.a(lib_a-mprec.o)
                                 0x94 (size before relaxing)
                0x80009250                __lshift
 .text.__multiply
                0x800092d8      0x100 c:/program files (x86)/atmel/atmel toolchain/avr32 gcc/native/3.4.2.1002/avr32-gnu-toolchain/bin/../lib/gcc/avr32/4.4.7/../../../../avr32/lib/ucr2\libc.a(lib_a-mprec.o)
                                0x108 (size before relaxing)
                0x800092d8                __multiply
 .text.__i2b    0x800093d8       0x10 c:/program files (x86)/atmel/atmel toolchain/avr32 gcc/native/3.4.2.1002/avr32-gnu-toolchain/bin/../lib/gcc/avr32/4.4.7/../../../../avr32/lib/ucr2\libc.a(lib_a-mprec.o)
                                 0x18 (size before relaxing)
                0x800093d8                __i2b
 .text.__multadd
                0x800093e8       0x7c c:/program files (x86)/atmel/atmel toolchain/avr32 gcc/native/3.4.2.1002/avr32-gnu-toolchain/bin/../lib/gcc/avr32/4.4.7/../../../../avr32/lib/ucr2\libc.a(lib_a-mprec.o)
                                 0x88 (size before relaxing)
                0x800093e8                __multadd
 .text.__pow5mult
                0x80009464       0x8c c:/program files (x86)/atmel/atmel toolchain/avr32 gcc/native/3.4.2.1002/avr32-gnu-toolchain/bin/../lib/gcc/avr32/4.4.7/../../../../avr32/lib/ucr2\libc.a(lib_a-mprec.o)
                                 0xac (size before relaxing)
                0x80009464                __pow5mult
 .text._read_r  0x800094f0       0x28 c:/program files (x86)/atmel/atmel toolchain/avr32 gcc/native/3.4.2.1002/avr32-gnu-toolchain/bin/../lib/gcc/avr32/4.4.7/../../../../avr32/lib/ucr2\libc.a(lib_a-readr.o)
                                 0x2c (size before relaxing)
                0x800094f0                _read_r
 .text.__isinfd
                0x80009518       0x2a c:/program files (x86)/atmel/atmel toolchain/avr32 gcc/native/3.4.2.1002/avr32-gnu-toolchain/bin/../lib/gcc/avr32/4.4.7/../../../../avr32/lib/ucr2\libc.a(lib_a-s_isinfd.o)
                0x80009518                __isinfd
 .text.__isnand
                0x80009542       0x1c c:/program files (x86)/atmel/atmel toolchain/avr32 gcc/native/3.4.2.1002/avr32-gnu-toolchain/bin/../lib/gcc/avr32/4.4.7/../../../../avr32/lib/ucr2\libc.a(lib_a-s_isnand.o)
                0x80009542                __isnand
 *fill*         0x8000955e        0x2 d703d703
 .text._calloc_r
                0x80009560       0x58 c:/program files (x86)/atmel/atmel toolchain/avr32 gcc/native/3.4.2.1002/avr32-gnu-toolchain/bin/../lib/gcc/avr32/4.4.7/../../../../avr32/lib/ucr2\libc.a(lib_a-callocr.o)
                                 0x60 (size before relaxing)
                0x80009560                _calloc_r
 .text._fstat_r
                0x800095b8       0x24 c:/program files (x86)/atmel/atmel toolchain/avr32 gcc/native/3.4.2.1002/avr32-gnu-toolchain/bin/../lib/gcc/avr32/4.4.7/../../../../avr32/lib/ucr2\libc.a(lib_a-fstatr.o)
                                 0x2c (size before relaxing)
                0x800095b8                _fstat_r
 .text          0x800095dc      0x1d4 c:/program files (x86)/atmel/atmel toolchain/avr32 gcc/native/3.4.2.1002/avr32-gnu-toolchain/bin/../lib/gcc/avr32/4.4.7/ucr2\libgcc.a(_avr32_f64_mul.o)
                0x800095dc                __avr32_f64_mul
 .text          0x800097b0      0x2b0 c:/program files (x86)/atmel/atmel toolchain/avr32 gcc/native/3.4.2.1002/avr32-gnu-toolchain/bin/../lib/gcc/avr32/4.4.7/ucr2\libgcc.a(_avr32_f64_addsub.o)
                0x800097b4                __avr32_f64_sub
                0x80009950                __avr32_f64_add
 .text          0x80009a60       0x2a c:/program files (x86)/atmel/atmel toolchain/avr32 gcc/native/3.4.2.1002/avr32-gnu-toolchain/bin/../lib/gcc/avr32/4.4.7/ucr2\libgcc.a(_avr32_f64_to_s32.o)
                0x80009a60                __avr32_f64_to_u32
                0x80009a64                __avr32_f64_to_s32
 .text          0x80009a8a       0xe8 c:/program files (x86)/atmel/atmel toolchain/avr32 gcc/native/3.4.2.1002/avr32-gnu-toolchain/bin/../lib/gcc/avr32/4.4.7/ucr2\libgcc.a(_avr32_s32_to_f64.o)
                0x80009a8a                __avr32_u32_to_f64
                0x80009a92                __avr32_s32_to_f64
 .text          0x80009b72       0x26 c:/program files (x86)/atmel/atmel toolchain/avr32 gcc/native/3.4.2.1002/avr32-gnu-toolchain/bin/../lib/gcc/avr32/4.4.7/ucr2\libgcc.a(_avr32_f64_cmp_eq.o)
                0x80009b72                __avr32_f64_cmp_eq
 .text          0x80009b98       0x68 c:/program files (x86)/atmel/atmel toolchain/avr32 gcc/native/3.4.2.1002/avr32-gnu-toolchain/bin/../lib/gcc/avr32/4.4.7/ucr2\libgcc.a(_avr32_f64_cmp_ge.o)
                0x80009b98                __avr32_f64_cmp_ge
 .text          0x80009c00       0x68 c:/program files (x86)/atmel/atmel toolchain/avr32 gcc/native/3.4.2.1002/avr32-gnu-toolchain/bin/../lib/gcc/avr32/4.4.7/ucr2\libgcc.a(_avr32_f64_cmp_lt.o)
                0x80009c00                __avr32_f64_cmp_lt
 .text          0x80009c68      0x318 c:/program files (x86)/atmel/atmel toolchain/avr32 gcc/native/3.4.2.1002/avr32-gnu-toolchain/bin/../lib/gcc/avr32/4.4.7/ucr2\libgcc.a(_avr32_f64_div.o)
                0x80009c68                __avr32_f64_div
 .text          0x80009f80      0x264 c:/program files (x86)/atmel/atmel toolchain/avr32 gcc/native/3.4.2.1002/avr32-gnu-toolchain/bin/../lib/gcc/avr32/4.4.7/ucr2\libgcc.a(_udivdi3.o)
                0x80009f80                __avr32_udiv64
                0x80009f80                __udivdi3
 .text          0x8000a1e4      0x20c c:/program files (x86)/atmel/atmel toolchain/avr32 gcc/native/3.4.2.1002/avr32-gnu-toolchain/bin/../lib/gcc/avr32/4.4.7/ucr2\libgcc.a(_umoddi3.o)
                0x8000a1e4                __avr32_umod64
                0x8000a1e4                __umoddi3
 .text          0x8000a3f0       0x14 c:/program files (x86)/atmel/atmel toolchain/avr32 gcc/native/3.4.2.1002/avr32-gnu-toolchain/bin/../lib/gcc/avr32/4.4.7/ucr2/crtend.o
                                 0x18 (size before relaxing)
 *(.text.*personality*)
 *(.gnu.warning)

.exception      0x8000a600      0x200
 .exception     0x8000a600      0x200 src/ASF/thirdparty/freertos/freertos-7.0.0/source/portable/gcc/avr32_uc3/exception.o
                0x8000a600                _evba
                0x8000a704                _int0
                0x8000a712                _int1
                0x8000a720                _int2
                0x8000a72e                _int3

.fini           0x8000a800       0x18
 *(.fini)
 .fini          0x8000a800       0x10 c:/program files (x86)/atmel/atmel toolchain/avr32 gcc/native/3.4.2.1002/avr32-gnu-toolchain/bin/../lib/gcc/avr32/4.4.7/ucr2/crti.o
                0x8000a800                _fini
 .fini          0x8000a810        0x4 c:/program files (x86)/atmel/atmel toolchain/avr32 gcc/native/3.4.2.1002/avr32-gnu-toolchain/bin/../lib/gcc/avr32/4.4.7/ucr2/crtbegin.o
 .fini          0x8000a814        0x4 c:/program files (x86)/atmel/atmel toolchain/avr32 gcc/native/3.4.2.1002/avr32-gnu-toolchain/bin/../lib/gcc/avr32/4.4.7/ucr2/crtn.o
                0x8000a818                PROVIDE (__etext, .)
                0x8000a818                PROVIDE (_etext, .)
                0x8000a818                PROVIDE (etext, .)

.rodata         0x8000a818      0x784
 *(.rodata .rodata.* .gnu.linkonce.r.*)
 .rodata.C.60.11786
                0x8000a818       0x10 src/common.o
 .rodata.DIP204_SPI_GPIO_MAP.11784
                0x8000a828       0x20 src/common.o
 .rodata.str1.4
                0x8000a848       0x18 src/I2CStuff/myI2CLib.o
 .rodata.TWI_GPIO_MAP
                0x8000a860       0x10 src/I2CStuff/myI2CLib.o
 .rodata.str1.4
                0x8000a870       0x2e src/main.o
                                 0x30 (size before relaxing)
 *fill*         0x8000a89e        0x2 
 .rodata.str1.4
                0x8000a8a0       0x21 src/tasks/ledtask.o
                                 0x24 (size before relaxing)
 *fill*         0x8000a8c1        0x3 
 .rodata.str1.4
                0x8000a8c4        0xf src/tasks/sensortask.o
                                 0x10 (size before relaxing)
 *fill*         0x8000a8d3        0x1 
 .rodata.LED_DESCRIPTOR
                0x8000a8d4       0x80 src/ASF/avr32/boards/evk1100/led.o
 .rodata._int_handler_table
                0x8000a954       0xa0 src/ASF/avr32/drivers/intc/intc.o
 .rodata.str1.4
                0x8000a9f4       0x1d src/ASF/thirdparty/freertos/freertos-7.0.0/source/tasks.o
                                 0x20 (size before relaxing)
 *fill*         0x8000aa11        0x3 
 .rodata.str1.4
                0x8000aa14        0x2 c:/program files (x86)/atmel/atmel toolchain/avr32 gcc/native/3.4.2.1002/avr32-gnu-toolchain/bin/../lib/gcc/avr32/4.4.7/../../../../avr32/lib/ucr2\libc.a(lib_a-impure.o)
                                  0x4 (size before relaxing)
 *fill*         0x8000aa16        0x2 
 .rodata._global_impure_ptr
                0x8000aa18        0x4 c:/program files (x86)/atmel/atmel toolchain/avr32 gcc/native/3.4.2.1002/avr32-gnu-toolchain/bin/../lib/gcc/avr32/4.4.7/../../../../avr32/lib/ucr2\libc.a(lib_a-impure.o)
                0x8000aa18                _global_impure_ptr
 .rodata.__sf_fake_stdin
                0x8000aa1c       0x20 c:/program files (x86)/atmel/atmel toolchain/avr32 gcc/native/3.4.2.1002/avr32-gnu-toolchain/bin/../lib/gcc/avr32/4.4.7/../../../../avr32/lib/ucr2\libc.a(lib_a-findfp.o)
                0x8000aa1c                __sf_fake_stdin
 .rodata.__sf_fake_stdout
                0x8000aa3c       0x20 c:/program files (x86)/atmel/atmel toolchain/avr32 gcc/native/3.4.2.1002/avr32-gnu-toolchain/bin/../lib/gcc/avr32/4.4.7/../../../../avr32/lib/ucr2\libc.a(lib_a-findfp.o)
                0x8000aa3c                __sf_fake_stdout
 .rodata.__sf_fake_stderr
                0x8000aa5c       0x20 c:/program files (x86)/atmel/atmel toolchain/avr32 gcc/native/3.4.2.1002/avr32-gnu-toolchain/bin/../lib/gcc/avr32/4.4.7/../../../../avr32/lib/ucr2\libc.a(lib_a-findfp.o)
                0x8000aa5c                __sf_fake_stderr
 .rodata.get_arg
                0x8000aa7c       0x3c c:/program files (x86)/atmel/atmel toolchain/avr32 gcc/native/3.4.2.1002/avr32-gnu-toolchain/bin/../lib/gcc/avr32/4.4.7/../../../../avr32/lib/ucr2\libc.a(lib_a-vfprintf.o)
 .rodata._vfprintf_r
                0x8000aab8      0x164 c:/program files (x86)/atmel/atmel toolchain/avr32 gcc/native/3.4.2.1002/avr32-gnu-toolchain/bin/../lib/gcc/avr32/4.4.7/../../../../avr32/lib/ucr2\libc.a(lib_a-vfprintf.o)
 .rodata.state_table
                0x8000ac1c       0x6c c:/program files (x86)/atmel/atmel toolchain/avr32 gcc/native/3.4.2.1002/avr32-gnu-toolchain/bin/../lib/gcc/avr32/4.4.7/../../../../avr32/lib/ucr2\libc.a(lib_a-vfprintf.o)
 .rodata.action_table
                0x8000ac88       0x6c c:/program files (x86)/atmel/atmel toolchain/avr32 gcc/native/3.4.2.1002/avr32-gnu-toolchain/bin/../lib/gcc/avr32/4.4.7/../../../../avr32/lib/ucr2\libc.a(lib_a-vfprintf.o)
 .rodata.str1.4
                0x8000acf4       0x3a c:/program files (x86)/atmel/atmel toolchain/avr32 gcc/native/3.4.2.1002/avr32-gnu-toolchain/bin/../lib/gcc/avr32/4.4.7/../../../../avr32/lib/ucr2\libc.a(lib_a-vfprintf.o)
                                 0x3c (size before relaxing)
 *fill*         0x8000ad2e        0x2 
 .rodata.blanks.3430
                0x8000ad30       0x10 c:/program files (x86)/atmel/atmel toolchain/avr32 gcc/native/3.4.2.1002/avr32-gnu-toolchain/bin/../lib/gcc/avr32/4.4.7/../../../../avr32/lib/ucr2\libc.a(lib_a-vfprintf.o)
 .rodata.zeroes.3431
                0x8000ad40       0x10 c:/program files (x86)/atmel/atmel toolchain/avr32 gcc/native/3.4.2.1002/avr32-gnu-toolchain/bin/../lib/gcc/avr32/4.4.7/../../../../avr32/lib/ucr2\libc.a(lib_a-vfprintf.o)
 .rodata.chclass
                0x8000ad50      0x100 c:/program files (x86)/atmel/atmel toolchain/avr32 gcc/native/3.4.2.1002/avr32-gnu-toolchain/bin/../lib/gcc/avr32/4.4.7/../../../../avr32/lib/ucr2\libc.a(lib_a-vfprintf.o)
 .rodata.str1.4
                0x8000ae50       0x10 c:/program files (x86)/atmel/atmel toolchain/avr32 gcc/native/3.4.2.1002/avr32-gnu-toolchain/bin/../lib/gcc/avr32/4.4.7/../../../../avr32/lib/ucr2\libc.a(lib_a-dtoa.o)
                                 0x14 (size before relaxing)
 .rodata.lconv  0x8000ae60       0x30 c:/program files (x86)/atmel/atmel toolchain/avr32 gcc/native/3.4.2.1002/avr32-gnu-toolchain/bin/../lib/gcc/avr32/4.4.7/../../../../avr32/lib/ucr2\libc.a(lib_a-locale.o)
 .rodata.str1.4
                0x8000ae90       0x10 c:/program files (x86)/atmel/atmel toolchain/avr32 gcc/native/3.4.2.1002/avr32-gnu-toolchain/bin/../lib/gcc/avr32/4.4.7/../../../../avr32/lib/ucr2\libc.a(lib_a-locale.o)
                                 0x18 (size before relaxing)
 .rodata.p05.2471
                0x8000aea0        0xc c:/program files (x86)/atmel/atmel toolchain/avr32 gcc/native/3.4.2.1002/avr32-gnu-toolchain/bin/../lib/gcc/avr32/4.4.7/../../../../avr32/lib/ucr2\libc.a(lib_a-mprec.o)
 .rodata.__mprec_tens
                0x8000aeac       0xc8 c:/program files (x86)/atmel/atmel toolchain/avr32 gcc/native/3.4.2.1002/avr32-gnu-toolchain/bin/../lib/gcc/avr32/4.4.7/../../../../avr32/lib/ucr2\libc.a(lib_a-mprec.o)
                0x8000aeac                __mprec_tens
 .rodata.__mprec_bigtens
                0x8000af74       0x28 c:/program files (x86)/atmel/atmel toolchain/avr32 gcc/native/3.4.2.1002/avr32-gnu-toolchain/bin/../lib/gcc/avr32/4.4.7/../../../../avr32/lib/ucr2\libc.a(lib_a-mprec.o)
                0x8000af74                __mprec_bigtens

.rodata1
 *(.rodata1)

.eh_frame_hdr
 *(.eh_frame_hdr)

.eh_frame
 *(.eh_frame)

.gcc_except_table
 *(.gcc_except_table)
 *(.gcc_except_table.*)

.lalign         0x8000af9c        0x4
                0x8000afa0                . = ALIGN (0x8)
 *fill*         0x8000af9c        0x4 
                0x8000afa0                PROVIDE (_data_lma, .)
                0x00000004                . = ORIGIN (INTRAM)

.dalign         0x00000004        0x4
                0x00000008                . = ALIGN (0x8)
 *fill*         0x00000004        0x4 
                0x00000008                PROVIDE (_data, .)

.eh_frame
 *(.eh_frame)

.gcc_except_table
 *(.gcc_except_table)
 *(.gcc_except_table.*)

.tdata
 *(.tdata .tdata.* .gnu.linkonce.td.*)

.tbss
 *(.tbss .tbss.* .gnu.linkonce.tb.*)
 *(.tcommon)
                0x00000008                PROVIDE (__preinit_array_start, ALIGN (0x4))

.preinit_array
 *(.preinit_array)
                0x00000008                PROVIDE (__preinit_array_end, .)
                0x00000008                PROVIDE (__init_array_start, .)

.init_array
 *(.init_array)
                0x00000008                PROVIDE (__init_array_end, .)
                0x00000008                PROVIDE (__fini_array_start, .)

.fini_array
 *(.fini_array)
                0x00000008                PROVIDE (__fini_array_end, .)

.ctors          0x00000008        0x8 load address 0x8000afa0
 *crtbegin*.o(.ctors)
 .ctors         0x00000008        0x4 c:/program files (x86)/atmel/atmel toolchain/avr32 gcc/native/3.4.2.1002/avr32-gnu-toolchain/bin/../lib/gcc/avr32/4.4.7/ucr2/crtbegin.o
 *(EXCLUDE_FILE(*crtend*.o) .ctors)
 *(SORT(.ctors.*))
 *(.ctors)
 .ctors         0x0000000c        0x4 c:/program files (x86)/atmel/atmel toolchain/avr32 gcc/native/3.4.2.1002/avr32-gnu-toolchain/bin/../lib/gcc/avr32/4.4.7/ucr2/crtend.o

.dtors          0x00000010        0x8 load address 0x8000afa8
 *crtbegin*.o(.dtors)
 .dtors         0x00000010        0x4 c:/program files (x86)/atmel/atmel toolchain/avr32 gcc/native/3.4.2.1002/avr32-gnu-toolchain/bin/../lib/gcc/avr32/4.4.7/ucr2/crtbegin.o
 *(EXCLUDE_FILE(*crtend*.o) .dtors)
 *(SORT(.dtors.*))
 *(.dtors)
 .dtors         0x00000014        0x4 c:/program files (x86)/atmel/atmel toolchain/avr32 gcc/native/3.4.2.1002/avr32-gnu-toolchain/bin/../lib/gcc/avr32/4.4.7/ucr2/crtend.o
                0x00000014                __DTOR_END__

.jcr            0x00000018        0x4 load address 0x8000afb0
 *(.jcr)
 .jcr           0x00000018        0x0 c:/program files (x86)/atmel/atmel toolchain/avr32 gcc/native/3.4.2.1002/avr32-gnu-toolchain/bin/../lib/gcc/avr32/4.4.7/ucr2/crtbegin.o
 .jcr           0x00000018        0x4 c:/program files (x86)/atmel/atmel toolchain/avr32 gcc/native/3.4.2.1002/avr32-gnu-toolchain/bin/../lib/gcc/avr32/4.4.7/ucr2/crtend.o

.data.rel.ro
 *(.data.rel.ro.local)
 *(.data.rel.ro*)

.dynamic
 *(.dynamic)

.got            0x0000001c        0x0 load address 0x8000afb4
 *(.got.plt)
 *(.got)
 .got           0x0000001c        0x0 c:/program files (x86)/atmel/atmel toolchain/avr32 gcc/native/3.4.2.1002/avr32-gnu-toolchain/bin/../lib/gcc/avr32/4.4.7/../../../../avr32/lib/ucr2/crt0.o
                0x0000001c                _GLOBAL_OFFSET_TABLE_

.ramtext
 *(.ramtext .ramtext.*)

.ddalign        0x0000001c        0x0 load address 0x8000afb4
                0x00000020                . = ALIGN (0x8)

.data           0x0000001c      0x528 load address 0x8000afb4
 *(.data .data.* .gnu.linkonce.d.*)
 .data.channel_id
                0x0000001c        0x4 src/ASF/avr32/components/display/dip204/dip204.o
 .data.pcl_freq_param.12526
                0x00000020       0x10 src/main.o
 .data.LED_State
                0x00000030        0x4 src/ASF/avr32/boards/evk1100/led.o
 .data.ulCriticalNesting
                0x00000034        0x4 src/ASF/thirdparty/freertos/freertos-7.0.0/source/portable/gcc/avr32_uc3/port.o
                0x00000034                ulCriticalNesting
 .data.xNextTaskUnblockTime
                0x00000038        0x4 src/ASF/thirdparty/freertos/freertos-7.0.0/source/tasks.o
 .data.uxPreviousTask
                0x0000003c        0x4 src/ASF/thirdparty/freertos/freertos-7.0.0/source/tasks.o
 .data.impure_data
                0x00000040       0xf0 c:/program files (x86)/atmel/atmel toolchain/avr32 gcc/native/3.4.2.1002/avr32-gnu-toolchain/bin/../lib/gcc/avr32/4.4.7/../../../../avr32/lib/ucr2\libc.a(lib_a-impure.o)
 .data._impure_ptr
                0x00000130        0x4 c:/program files (x86)/atmel/atmel toolchain/avr32 gcc/native/3.4.2.1002/avr32-gnu-toolchain/bin/../lib/gcc/avr32/4.4.7/../../../../avr32/lib/ucr2\libc.a(lib_a-impure.o)
                0x00000130                _impure_ptr
 .data.__malloc_av_
                0x00000134      0x408 c:/program files (x86)/atmel/atmel toolchain/avr32 gcc/native/3.4.2.1002/avr32-gnu-toolchain/bin/../lib/gcc/avr32/4.4.7/../../../../avr32/lib/ucr2\libc.a(lib_a-mallocr.o)
                0x00000134                __malloc_av_
 .data.__malloc_trim_threshold
                0x0000053c        0x4 c:/program files (x86)/atmel/atmel toolchain/avr32 gcc/native/3.4.2.1002/avr32-gnu-toolchain/bin/../lib/gcc/avr32/4.4.7/../../../../avr32/lib/ucr2\libc.a(lib_a-mallocr.o)
                0x0000053c                __malloc_trim_threshold
 .data.__malloc_sbrk_base
                0x00000540        0x4 c:/program files (x86)/atmel/atmel toolchain/avr32 gcc/native/3.4.2.1002/avr32-gnu-toolchain/bin/../lib/gcc/avr32/4.4.7/../../../../avr32/lib/ucr2\libc.a(lib_a-mallocr.o)
                0x00000540                __malloc_sbrk_base
 *(.gnu.linkonce.d.*personality*)

.data1
 *(.data1)

.balign         0x00000544       0x1c load address 0x8000b4dc
                0x00000548                . = ALIGN (0x8)
 *fill*         0x00000544        0x4 
                0x00000548                PROVIDE (_edata, .)
                0x00000548                PROVIDE (edata, .)
                0x00000548                __bss_start = .

.bss            0x00000560      0x2d8
 *(.dynbss)
 *(.bss .bss.* .gnu.linkonce.b.*)
 .bss           0x00000560        0x8 c:/program files (x86)/atmel/atmel toolchain/avr32 gcc/native/3.4.2.1002/avr32-gnu-toolchain/bin/../lib/gcc/avr32/4.4.7/ucr2/crtbegin.o
 .bss.pwm_channel
                0x00000568       0x20 src/ASF/avr32/components/display/dip204/dip204.o
 .bss.pwm_duty  0x00000588        0x2 src/ASF/avr32/components/display/dip204/dip204.o
 *fill*         0x0000058a        0x2 
 .bss.I2CMutex  0x0000058c        0x4 src/I2CStuff/myI2CLib.o
 .bss.twi_busy  0x00000590        0x1 src/ASF/avr32/drivers/twi/twi.o
 .bss.twi_nack  0x00000591        0x1 src/ASF/avr32/drivers/twi/twi.o
 *fill*         0x00000592        0x2 
 .bss.twi_tx_nb_bytes
                0x00000594        0x4 src/ASF/avr32/drivers/twi/twi.o
 .bss.twi_it_mask
                0x00000598        0x4 src/ASF/avr32/drivers/twi/twi.o
 .bss.twi_inst  0x0000059c        0x4 src/ASF/avr32/drivers/twi/twi.o
 .bss.twi_tx_data
                0x000005a0        0x4 src/ASF/avr32/drivers/twi/twi.o
 .bss.twi_rx_nb_bytes
                0x000005a4        0x4 src/ASF/avr32/drivers/twi/twi.o
 .bss.twi_rx_data
                0x000005a8        0x4 src/ASF/avr32/drivers/twi/twi.o
 .bss._int_line_handler_table_6
                0x000005ac        0x4 src/ASF/avr32/drivers/intc/intc.o
 .bss._int_line_handler_table_7
                0x000005b0        0x4 src/ASF/avr32/drivers/intc/intc.o
 .bss._int_line_handler_table_8
                0x000005b4        0x4 src/ASF/avr32/drivers/intc/intc.o
 .bss._int_line_handler_table_9
                0x000005b8        0x4 src/ASF/avr32/drivers/intc/intc.o
 .bss._int_line_handler_table_10
                0x000005bc        0x4 src/ASF/avr32/drivers/intc/intc.o
 .bss._int_line_handler_table_11
                0x000005c0        0x4 src/ASF/avr32/drivers/intc/intc.o
 .bss._int_line_handler_table_12
                0x000005c4        0x4 src/ASF/avr32/drivers/intc/intc.o
 .bss._int_line_handler_table_13
                0x000005c8        0x4 src/ASF/avr32/drivers/intc/intc.o
 .bss._int_line_handler_table_14
                0x000005cc        0xc src/ASF/avr32/drivers/intc/intc.o
 .bss._int_line_handler_table_15
                0x000005d8        0x4 src/ASF/avr32/drivers/intc/intc.o
 .bss._int_line_handler_table_16
                0x000005dc        0x4 src/ASF/avr32/drivers/intc/intc.o
 .bss._int_line_handler_table_17
                0x000005e0        0x4 src/ASF/avr32/drivers/intc/intc.o
 .bss._int_line_handler_table_18
                0x000005e4        0x4 src/ASF/avr32/drivers/intc/intc.o
 .bss._int_line_handler_table_19
                0x000005e8        0x4 src/ASF/avr32/drivers/intc/intc.o
 .bss._int_line_handler_table_0
                0x000005ec        0x4 src/ASF/avr32/drivers/intc/intc.o
 .bss._int_line_handler_table_1
                0x000005f0       0x2c src/ASF/avr32/drivers/intc/intc.o
 .bss._int_line_handler_table_2
                0x0000061c       0x38 src/ASF/avr32/drivers/intc/intc.o
 .bss._int_line_handler_table_3
                0x00000654       0x3c src/ASF/avr32/drivers/intc/intc.o
 .bss._int_line_handler_table_4
                0x00000690        0x4 src/ASF/avr32/drivers/intc/intc.o
 .bss._int_line_handler_table_5
                0x00000694        0x4 src/ASF/avr32/drivers/intc/intc.o
 .bss.xPendingReadyList
                0x00000698       0x14 src/ASF/thirdparty/freertos/freertos-7.0.0/source/tasks.o
 .bss.uxTopReadyPriority
                0x000006ac        0x4 src/ASF/thirdparty/freertos/freertos-7.0.0/source/tasks.o
 .bss.uxTasksDeleted
                0x000006b0        0x4 src/ASF/thirdparty/freertos/freertos-7.0.0/source/tasks.o
 .bss.xTickCount
                0x000006b4        0x4 src/ASF/thirdparty/freertos/freertos-7.0.0/source/tasks.o
 .bss.pxReadyTasksLists
                0x000006b8       0xa0 src/ASF/thirdparty/freertos/freertos-7.0.0/source/tasks.o
 .bss.pxOverflowDelayedTaskList
                0x00000758        0x4 src/ASF/thirdparty/freertos/freertos-7.0.0/source/tasks.o
 .bss.xTasksWaitingTermination
                0x0000075c       0x14 src/ASF/thirdparty/freertos/freertos-7.0.0/source/tasks.o
 .bss.xTracing  0x00000770        0x4 src/ASF/thirdparty/freertos/freertos-7.0.0/source/tasks.o
 .bss.pxDelayedTaskList
                0x00000774        0x4 src/ASF/thirdparty/freertos/freertos-7.0.0/source/tasks.o
 .bss.xSchedulerRunning
                0x00000778        0x4 src/ASF/thirdparty/freertos/freertos-7.0.0/source/tasks.o
 .bss.xMissedYield
                0x0000077c        0x4 src/ASF/thirdparty/freertos/freertos-7.0.0/source/tasks.o
 .bss.uxTaskNumber
                0x00000780        0x4 src/ASF/thirdparty/freertos/freertos-7.0.0/source/tasks.o
 .bss.pcTraceBuffer
                0x00000784        0x4 src/ASF/thirdparty/freertos/freertos-7.0.0/source/tasks.o
 .bss.pxCurrentTCB
                0x00000788        0x4 src/ASF/thirdparty/freertos/freertos-7.0.0/source/tasks.o
                0x00000788                pxCurrentTCB
 .bss.xSuspendedTaskList
                0x0000078c       0x14 src/ASF/thirdparty/freertos/freertos-7.0.0/source/tasks.o
 .bss.uxCurrentNumberOfTasks
                0x000007a0        0x4 src/ASF/thirdparty/freertos/freertos-7.0.0/source/tasks.o
 .bss.xDelayedTaskList1
                0x000007a4       0x14 src/ASF/thirdparty/freertos/freertos-7.0.0/source/tasks.o
 .bss.xDelayedTaskList2
                0x000007b8       0x14 src/ASF/thirdparty/freertos/freertos-7.0.0/source/tasks.o
 .bss.uxSchedulerSuspended
                0x000007cc        0x4 src/ASF/thirdparty/freertos/freertos-7.0.0/source/tasks.o
 .bss.uxMissedTicks
                0x000007d0        0x4 src/ASF/thirdparty/freertos/freertos-7.0.0/source/tasks.o
 .bss.pcTraceBufferEnd
                0x000007d4        0x4 src/ASF/thirdparty/freertos/freertos-7.0.0/source/tasks.o
 .bss.xNumOfOverflows
                0x000007d8        0x4 src/ASF/thirdparty/freertos/freertos-7.0.0/source/tasks.o
 .bss.uxTopUsedPriority
                0x000007dc        0x4 src/ASF/thirdparty/freertos/freertos-7.0.0/source/tasks.o
 .bss.__malloc_max_total_mem
                0x000007e0        0x4 c:/program files (x86)/atmel/atmel toolchain/avr32 gcc/native/3.4.2.1002/avr32-gnu-toolchain/bin/../lib/gcc/avr32/4.4.7/../../../../avr32/lib/ucr2\libc.a(lib_a-mallocr.o)
                0x000007e0                __malloc_max_total_mem
 .bss.__malloc_max_sbrked_mem
                0x000007e4        0x4 c:/program files (x86)/atmel/atmel toolchain/avr32 gcc/native/3.4.2.1002/avr32-gnu-toolchain/bin/../lib/gcc/avr32/4.4.7/../../../../avr32/lib/ucr2\libc.a(lib_a-mallocr.o)
                0x000007e4                __malloc_max_sbrked_mem
 .bss.__malloc_top_pad
                0x000007e8        0x4 c:/program files (x86)/atmel/atmel toolchain/avr32 gcc/native/3.4.2.1002/avr32-gnu-toolchain/bin/../lib/gcc/avr32/4.4.7/../../../../avr32/lib/ucr2\libc.a(lib_a-mallocr.o)
                0x000007e8                __malloc_top_pad
 .bss.__malloc_current_mallinfo
                0x000007ec       0x28 c:/program files (x86)/atmel/atmel toolchain/avr32 gcc/native/3.4.2.1002/avr32-gnu-toolchain/bin/../lib/gcc/avr32/4.4.7/../../../../avr32/lib/ucr2\libc.a(lib_a-mallocr.o)
                0x000007ec                __malloc_current_mallinfo
 .bss.cur_heap_pos.1869
                0x00000814        0x4 c:/program files (x86)/atmel/atmel toolchain/avr32 gcc/native/3.4.2.1002/avr32-gnu-toolchain/bin/../lib/gcc/avr32/4.4.7/../../../../avr32/lib/ucr2\libc.a(lib_a-syscalls.o)
 *(COMMON)
 COMMON         0x00000818        0x8 src/common.o
                0x00000818                sensor_data
                0x0000081c                processed_data
 COMMON         0x00000820        0xc src/I2CStuff/myI2CLib.o
                0x00000820                opt
 COMMON         0x0000082c        0x4 src/ASF/avr32/drivers/spi/spi.o
                0x0000082c                xSPIMutex
 COMMON         0x00000830        0x4 src/ASF/thirdparty/freertos/freertos-7.0.0/source/portable/gcc/avr32_uc3/write.o
                0x00000830                stdio_usart_base
 COMMON         0x00000834        0x4 c:/program files (x86)/atmel/atmel toolchain/avr32 gcc/native/3.4.2.1002/avr32-gnu-toolchain/bin/../lib/gcc/avr32/4.4.7/../../../../avr32/lib/ucr2\libc.a(lib_a-reent.o)
                0x00000834                errno
                0x00000838                . = ALIGN (0x8)
 *fill*         0x00000838        0x0 
                0x00000838                . = ALIGN (0x8)
                0x00000838                _end = .
                0x00000838                PROVIDE (end, .)
                0x00000838                __heap_start__ = ALIGN (0x8)

.heap           0x00000838     0xe7c8
 *(.heap)
                0x0000e7c8                . = (__heap_size__ == __max_heap_size__)?(((ORIGIN (INTRAM) + 0xfffc) - __stack_size__) - ABSOLUTE (.)):__heap_size__
 *fill*         0x00000838     0xe7c8 
                0x0000f000                __heap_end__ = .

.stab
 *(.stab)

.stabstr
 *(.stabstr)

.stab.excl
 *(.stab.excl)

.stab.exclstr
 *(.stab.exclstr)

.stab.index
 *(.stab.index)

.stab.indexstr
 *(.stab.indexstr)

.comment        0x00000000       0x30
 *(.comment)
 .comment       0x00000000       0x30 c:/program files (x86)/atmel/atmel toolchain/avr32 gcc/native/3.4.2.1002/avr32-gnu-toolchain/bin/../lib/gcc/avr32/4.4.7/ucr2/crtbegin.o
                                 0x31 (size before relaxing)
 .comment       0x00000000       0x31 src/ASF/avr32/components/display/dip204/dip204.o
 .comment       0x00000000       0x31 src/ASF/avr32/drivers/pwm/pwm.o
 .comment       0x00000000       0x31 src/common.o
 .comment       0x00000000       0x31 src/I2CStuff/myI2CLib.o
 .comment       0x00000000       0x31 src/I2CStuff/rgbsensor.o
 .comment       0x00000000       0x31 src/main.o
 .comment       0x00000000       0x31 src/tasks/ledtask.o
 .comment       0x00000000       0x31 src/tasks/processingtask.o
 .comment       0x00000000       0x31 src/tasks/sensortask.o
 .comment       0x00000000       0x31 src/ASF/avr32/drivers/twi/twi.o
 .comment       0x00000000       0x31 src/ASF/avr32/drivers/spi/spi.o
 .comment       0x00000000       0x31 src/ASF/avr32/boards/evk1100/led.o
 .comment       0x00000000       0x31 src/ASF/avr32/drivers/flashc/flashc.o
 .comment       0x00000000       0x31 src/ASF/avr32/drivers/gpio/gpio.o
 .comment       0x00000000       0x31 src/ASF/avr32/drivers/intc/intc.o
 .comment       0x00000000       0x31 src/ASF/avr32/drivers/pm/pm.o
 .comment       0x00000000       0x31 src/ASF/avr32/drivers/pm/pm_conf_clocks.o
 .comment       0x00000000       0x31 src/ASF/avr32/drivers/pm/power_clocks_lib.o
 .comment       0x00000000       0x31 src/ASF/avr32/drivers/usart/usart.o
 .comment       0x00000000       0x31 src/ASF/thirdparty/freertos/demo/lwip_avr32_uc3_example/partest/ParTest.o
 .comment       0x00000000       0x31 src/ASF/thirdparty/freertos/freertos-7.0.0/source/list.o
 .comment       0x00000000       0x31 src/ASF/thirdparty/freertos/freertos-7.0.0/source/portable/gcc/avr32_uc3/port.o
 .comment       0x00000000       0x31 src/ASF/thirdparty/freertos/freertos-7.0.0/source/portable/gcc/avr32_uc3/read.o
 .comment       0x00000000       0x31 src/ASF/thirdparty/freertos/freertos-7.0.0/source/portable/gcc/avr32_uc3/write.o
 .comment       0x00000000       0x31 src/ASF/thirdparty/freertos/freertos-7.0.0/source/portable/memmang/heap_3.o
 .comment       0x00000000       0x31 src/ASF/thirdparty/freertos/freertos-7.0.0/source/queue.o
 .comment       0x00000000       0x31 src/ASF/thirdparty/freertos/freertos-7.0.0/source/tasks.o
 .comment       0x00000000       0x31 c:/program files (x86)/atmel/atmel toolchain/avr32 gcc/native/3.4.2.1002/avr32-gnu-toolchain/bin/../lib/gcc/avr32/4.4.7/../../../../avr32/lib/ucr2\libc.a(lib_a-atexit.o)
 .comment       0x00000000       0x31 c:/program files (x86)/atmel/atmel toolchain/avr32 gcc/native/3.4.2.1002/avr32-gnu-toolchain/bin/../lib/gcc/avr32/4.4.7/../../../../avr32/lib/ucr2\libc.a(lib_a-exit.o)
 .comment       0x00000000       0x31 c:/program files (x86)/atmel/atmel toolchain/avr32 gcc/native/3.4.2.1002/avr32-gnu-toolchain/bin/../lib/gcc/avr32/4.4.7/../../../../avr32/lib/ucr2\libc.a(lib_a-impure.o)
 .comment       0x00000000       0x31 c:/program files (x86)/atmel/atmel toolchain/avr32 gcc/native/3.4.2.1002/avr32-gnu-toolchain/bin/../lib/gcc/avr32/4.4.7/../../../../avr32/lib/ucr2\libc.a(lib_a-malloc.o)
 .comment       0x00000000       0x31 c:/program files (x86)/atmel/atmel toolchain/avr32 gcc/native/3.4.2.1002/avr32-gnu-toolchain/bin/../lib/gcc/avr32/4.4.7/../../../../avr32/lib/ucr2\libc.a(lib_a-mallocr.o)
 .comment       0x00000000       0x31 c:/program files (x86)/atmel/atmel toolchain/avr32 gcc/native/3.4.2.1002/avr32-gnu-toolchain/bin/../lib/gcc/avr32/4.4.7/../../../../avr32/lib/ucr2\libc.a(lib_a-memset.o)
 .comment       0x00000000       0x31 c:/program files (x86)/atmel/atmel toolchain/avr32 gcc/native/3.4.2.1002/avr32-gnu-toolchain/bin/../lib/gcc/avr32/4.4.7/../../../../avr32/lib/ucr2\libc.a(lib_a-reallocr.o)
 .comment       0x00000000       0x31 c:/program files (x86)/atmel/atmel toolchain/avr32 gcc/native/3.4.2.1002/avr32-gnu-toolchain/bin/../lib/gcc/avr32/4.4.7/../../../../avr32/lib/ucr2\libc.a(lib_a-sbrkr.o)
 .comment       0x00000000       0x31 c:/program files (x86)/atmel/atmel toolchain/avr32 gcc/native/3.4.2.1002/avr32-gnu-toolchain/bin/../lib/gcc/avr32/4.4.7/../../../../avr32/lib/ucr2\libc.a(lib_a-strlen.o)
 .comment       0x00000000       0x31 c:/program files (x86)/atmel/atmel toolchain/avr32 gcc/native/3.4.2.1002/avr32-gnu-toolchain/bin/../lib/gcc/avr32/4.4.7/../../../../avr32/lib/ucr2\libc.a(lib_a-syscalls.o)
 .comment       0x00000000       0x31 c:/program files (x86)/atmel/atmel toolchain/avr32 gcc/native/3.4.2.1002/avr32-gnu-toolchain/bin/../lib/gcc/avr32/4.4.7/../../../../avr32/lib/ucr2\libc.a(lib_a-vsprintf.o)
 .comment       0x00000000       0x31 c:/program files (x86)/atmel/atmel toolchain/avr32 gcc/native/3.4.2.1002/avr32-gnu-toolchain/bin/../lib/gcc/avr32/4.4.7/../../../../avr32/lib/ucr2\libc.a(lib_a-__atexit.o)
 .comment       0x00000000       0x31 c:/program files (x86)/atmel/atmel toolchain/avr32 gcc/native/3.4.2.1002/avr32-gnu-toolchain/bin/../lib/gcc/avr32/4.4.7/../../../../avr32/lib/ucr2\libc.a(lib_a-__call_atexit.o)
 .comment       0x00000000       0x31 c:/program files (x86)/atmel/atmel toolchain/avr32 gcc/native/3.4.2.1002/avr32-gnu-toolchain/bin/../lib/gcc/avr32/4.4.7/../../../../avr32/lib/ucr2\libc.a(lib_a-errno.o)
 .comment       0x00000000       0x31 c:/program files (x86)/atmel/atmel toolchain/avr32 gcc/native/3.4.2.1002/avr32-gnu-toolchain/bin/../lib/gcc/avr32/4.4.7/../../../../avr32/lib/ucr2\libc.a(lib_a-findfp.o)
 .comment       0x00000000       0x31 c:/program files (x86)/atmel/atmel toolchain/avr32 gcc/native/3.4.2.1002/avr32-gnu-toolchain/bin/../lib/gcc/avr32/4.4.7/../../../../avr32/lib/ucr2\libc.a(lib_a-freer.o)
 .comment       0x00000000       0x31 c:/program files (x86)/atmel/atmel toolchain/avr32 gcc/native/3.4.2.1002/avr32-gnu-toolchain/bin/../lib/gcc/avr32/4.4.7/../../../../avr32/lib/ucr2\libc.a(lib_a-fwalk.o)
 .comment       0x00000000       0x31 c:/program files (x86)/atmel/atmel toolchain/avr32 gcc/native/3.4.2.1002/avr32-gnu-toolchain/bin/../lib/gcc/avr32/4.4.7/../../../../avr32/lib/ucr2\libc.a(lib_a-memmove.o)
 .comment       0x00000000       0x31 c:/program files (x86)/atmel/atmel toolchain/avr32 gcc/native/3.4.2.1002/avr32-gnu-toolchain/bin/../lib/gcc/avr32/4.4.7/../../../../avr32/lib/ucr2\libc.a(lib_a-reent.o)
 .comment       0x00000000       0x31 c:/program files (x86)/atmel/atmel toolchain/avr32 gcc/native/3.4.2.1002/avr32-gnu-toolchain/bin/../lib/gcc/avr32/4.4.7/../../../../avr32/lib/ucr2\libc.a(lib_a-stdio.o)
 .comment       0x00000000       0x31 c:/program files (x86)/atmel/atmel toolchain/avr32 gcc/native/3.4.2.1002/avr32-gnu-toolchain/bin/../lib/gcc/avr32/4.4.7/../../../../avr32/lib/ucr2\libc.a(lib_a-vfprintf.o)
 .comment       0x00000000       0x31 c:/program files (x86)/atmel/atmel toolchain/avr32 gcc/native/3.4.2.1002/avr32-gnu-toolchain/bin/../lib/gcc/avr32/4.4.7/../../../../avr32/lib/ucr2\libc.a(lib_a-writer.o)
 .comment       0x00000000       0x31 c:/program files (x86)/atmel/atmel toolchain/avr32 gcc/native/3.4.2.1002/avr32-gnu-toolchain/bin/../lib/gcc/avr32/4.4.7/../../../../avr32/lib/ucr2\libc.a(lib_a-wsetup.o)
 .comment       0x00000000       0x31 c:/program files (x86)/atmel/atmel toolchain/avr32 gcc/native/3.4.2.1002/avr32-gnu-toolchain/bin/../lib/gcc/avr32/4.4.7/../../../../avr32/lib/ucr2\libc.a(lib_a-closer.o)
 .comment       0x00000000       0x31 c:/program files (x86)/atmel/atmel toolchain/avr32 gcc/native/3.4.2.1002/avr32-gnu-toolchain/bin/../lib/gcc/avr32/4.4.7/../../../../avr32/lib/ucr2\libc.a(lib_a-dtoa.o)
 .comment       0x00000000       0x31 c:/program files (x86)/atmel/atmel toolchain/avr32 gcc/native/3.4.2.1002/avr32-gnu-toolchain/bin/../lib/gcc/avr32/4.4.7/../../../../avr32/lib/ucr2\libc.a(lib_a-fclose.o)
 .comment       0x00000000       0x31 c:/program files (x86)/atmel/atmel toolchain/avr32 gcc/native/3.4.2.1002/avr32-gnu-toolchain/bin/../lib/gcc/avr32/4.4.7/../../../../avr32/lib/ucr2\libc.a(lib_a-fflush.o)
 .comment       0x00000000       0x31 c:/program files (x86)/atmel/atmel toolchain/avr32 gcc/native/3.4.2.1002/avr32-gnu-toolchain/bin/../lib/gcc/avr32/4.4.7/../../../../avr32/lib/ucr2\libc.a(lib_a-fvwrite.o)
 .comment       0x00000000       0x31 c:/program files (x86)/atmel/atmel toolchain/avr32 gcc/native/3.4.2.1002/avr32-gnu-toolchain/bin/../lib/gcc/avr32/4.4.7/../../../../avr32/lib/ucr2\libc.a(lib_a-locale.o)
 .comment       0x00000000       0x31 c:/program files (x86)/atmel/atmel toolchain/avr32 gcc/native/3.4.2.1002/avr32-gnu-toolchain/bin/../lib/gcc/avr32/4.4.7/../../../../avr32/lib/ucr2\libc.a(lib_a-lseekr.o)
 .comment       0x00000000       0x31 c:/program files (x86)/atmel/atmel toolchain/avr32 gcc/native/3.4.2.1002/avr32-gnu-toolchain/bin/../lib/gcc/avr32/4.4.7/../../../../avr32/lib/ucr2\libc.a(lib_a-makebuf.o)
 .comment       0x00000000       0x31 c:/program files (x86)/atmel/atmel toolchain/avr32 gcc/native/3.4.2.1002/avr32-gnu-toolchain/bin/../lib/gcc/avr32/4.4.7/../../../../avr32/lib/ucr2\libc.a(lib_a-memchr.o)
 .comment       0x00000000       0x31 c:/program files (x86)/atmel/atmel toolchain/avr32 gcc/native/3.4.2.1002/avr32-gnu-toolchain/bin/../lib/gcc/avr32/4.4.7/../../../../avr32/lib/ucr2\libc.a(lib_a-mprec.o)
 .comment       0x00000000       0x31 c:/program files (x86)/atmel/atmel toolchain/avr32 gcc/native/3.4.2.1002/avr32-gnu-toolchain/bin/../lib/gcc/avr32/4.4.7/../../../../avr32/lib/ucr2\libc.a(lib_a-readr.o)
 .comment       0x00000000       0x31 c:/program files (x86)/atmel/atmel toolchain/avr32 gcc/native/3.4.2.1002/avr32-gnu-toolchain/bin/../lib/gcc/avr32/4.4.7/../../../../avr32/lib/ucr2\libc.a(lib_a-s_isinfd.o)
 .comment       0x00000000       0x31 c:/program files (x86)/atmel/atmel toolchain/avr32 gcc/native/3.4.2.1002/avr32-gnu-toolchain/bin/../lib/gcc/avr32/4.4.7/../../../../avr32/lib/ucr2\libc.a(lib_a-s_isnand.o)
 .comment       0x00000000       0x31 c:/program files (x86)/atmel/atmel toolchain/avr32 gcc/native/3.4.2.1002/avr32-gnu-toolchain/bin/../lib/gcc/avr32/4.4.7/../../../../avr32/lib/ucr2\libc.a(lib_a-callocr.o)
 .comment       0x00000000       0x31 c:/program files (x86)/atmel/atmel toolchain/avr32 gcc/native/3.4.2.1002/avr32-gnu-toolchain/bin/../lib/gcc/avr32/4.4.7/../../../../avr32/lib/ucr2\libc.a(lib_a-fstatr.o)
 .comment       0x00000000       0x31 c:/program files (x86)/atmel/atmel toolchain/avr32 gcc/native/3.4.2.1002/avr32-gnu-toolchain/bin/../lib/gcc/avr32/4.4.7/ucr2\libgcc.a(_udivdi3.o)
 .comment       0x00000000       0x31 c:/program files (x86)/atmel/atmel toolchain/avr32 gcc/native/3.4.2.1002/avr32-gnu-toolchain/bin/../lib/gcc/avr32/4.4.7/ucr2\libgcc.a(_umoddi3.o)
 .comment       0x00000000       0x31 c:/program files (x86)/atmel/atmel toolchain/avr32 gcc/native/3.4.2.1002/avr32-gnu-toolchain/bin/../lib/gcc/avr32/4.4.7/ucr2/crtend.o

.debug
 *(.debug)

.line
 *(.line)

.debug_srcinfo
 *(.debug_srcinfo)

.debug_sfnames
 *(.debug_sfnames)

.debug_aranges  0x00000000     0x1450
 *(.debug_aranges)
 .debug_aranges
                0x00000000       0x98 src/ASF/avr32/components/display/dip204/dip204.o
 .debug_aranges
                0x00000098       0x48 src/ASF/avr32/drivers/pwm/pwm.o
 .debug_aranges
                0x000000e0       0x20 src/common.o
 .debug_aranges
                0x00000100       0x48 src/I2CStuff/myI2CLib.o
 .debug_aranges
                0x00000148       0x50 src/I2CStuff/rgbsensor.o
 .debug_aranges
                0x00000198       0x28 src/main.o
 .debug_aranges
                0x000001c0       0x20 src/tasks/ledtask.o
 .debug_aranges
                0x000001e0       0x20 src/tasks/processingtask.o
 .debug_aranges
                0x00000200       0x20 src/tasks/sensortask.o
 .debug_aranges
                0x00000220       0x70 src/ASF/avr32/drivers/twi/twi.o
 .debug_aranges
                0x00000290       0xa8 src/ASF/avr32/drivers/spi/spi.o
 .debug_aranges
                0x00000338       0x78 src/ASF/avr32/boards/evk1100/led.o
 .debug_aranges
                0x000003b0      0x218 src/ASF/avr32/drivers/flashc/flashc.o
 .debug_aranges
                0x000005c8      0x100 src/ASF/avr32/drivers/gpio/gpio.o
 .debug_aranges
                0x000006c8       0x38 src/ASF/avr32/drivers/intc/intc.o
 .debug_aranges
                0x00000700      0x190 src/ASF/avr32/drivers/pm/pm.o
 .debug_aranges
                0x00000890       0x28 src/ASF/avr32/drivers/pm/pm_conf_clocks.o
 .debug_aranges
                0x000008b8       0x40 src/ASF/avr32/drivers/pm/power_clocks_lib.o
 .debug_aranges
                0x000008f8       0xe0 src/ASF/avr32/drivers/usart/usart.o
 .debug_aranges
                0x000009d8       0x20 src/ASF/avr32/utils/startup/trampoline_uc3.o
 .debug_aranges
                0x000009f8       0x30 src/ASF/thirdparty/freertos/demo/lwip_avr32_uc3_example/partest/ParTest.o
 .debug_aranges
                0x00000a28       0x40 src/ASF/thirdparty/freertos/freertos-7.0.0/source/list.o
 .debug_aranges
                0x00000a68       0x20 src/ASF/thirdparty/freertos/freertos-7.0.0/source/portable/gcc/avr32_uc3/exception.o
 .debug_aranges
                0x00000a88       0x78 src/ASF/thirdparty/freertos/freertos-7.0.0/source/portable/gcc/avr32_uc3/port.o
 .debug_aranges
                0x00000b00       0x20 src/ASF/thirdparty/freertos/freertos-7.0.0/source/portable/gcc/avr32_uc3/read.o
 .debug_aranges
                0x00000b20       0x20 src/ASF/thirdparty/freertos/freertos-7.0.0/source/portable/gcc/avr32_uc3/write.o
 .debug_aranges
                0x00000b40       0x28 src/ASF/thirdparty/freertos/freertos-7.0.0/source/portable/memmang/heap_3.o
 .debug_aranges
                0x00000b68       0x88 src/ASF/thirdparty/freertos/freertos-7.0.0/source/queue.o
 .debug_aranges
                0x00000bf0      0x120 src/ASF/thirdparty/freertos/freertos-7.0.0/source/tasks.o
 .debug_aranges
                0x00000d10       0x20 c:/program files (x86)/atmel/atmel toolchain/avr32 gcc/native/3.4.2.1002/avr32-gnu-toolchain/bin/../lib/gcc/avr32/4.4.7/../../../../avr32/lib/ucr2\libc.a(lib_a-atexit.o)
 .debug_aranges
                0x00000d30       0x20 c:/program files (x86)/atmel/atmel toolchain/avr32 gcc/native/3.4.2.1002/avr32-gnu-toolchain/bin/../lib/gcc/avr32/4.4.7/../../../../avr32/lib/ucr2\libc.a(lib_a-exit.o)
 .debug_aranges
                0x00000d50       0x28 c:/program files (x86)/atmel/atmel toolchain/avr32 gcc/native/3.4.2.1002/avr32-gnu-toolchain/bin/../lib/gcc/avr32/4.4.7/../../../../avr32/lib/ucr2\libc.a(lib_a-malloc.o)
 .debug_aranges
                0x00000d78       0x20 c:/program files (x86)/atmel/atmel toolchain/avr32 gcc/native/3.4.2.1002/avr32-gnu-toolchain/bin/../lib/gcc/avr32/4.4.7/../../../../avr32/lib/ucr2\libc.a(lib_a-mallocr.o)
 .debug_aranges
                0x00000d98       0x20 c:/program files (x86)/atmel/atmel toolchain/avr32 gcc/native/3.4.2.1002/avr32-gnu-toolchain/bin/../lib/gcc/avr32/4.4.7/../../../../avr32/lib/ucr2\libc.a(lib_a-memset.o)
 .debug_aranges
                0x00000db8       0x20 c:/program files (x86)/atmel/atmel toolchain/avr32 gcc/native/3.4.2.1002/avr32-gnu-toolchain/bin/../lib/gcc/avr32/4.4.7/../../../../avr32/lib/ucr2\libc.a(lib_a-reallocr.o)
 .debug_aranges
                0x00000dd8       0x20 c:/program files (x86)/atmel/atmel toolchain/avr32 gcc/native/3.4.2.1002/avr32-gnu-toolchain/bin/../lib/gcc/avr32/4.4.7/../../../../avr32/lib/ucr2\libc.a(lib_a-sbrkr.o)
 .debug_aranges
                0x00000df8       0x20 c:/program files (x86)/atmel/atmel toolchain/avr32 gcc/native/3.4.2.1002/avr32-gnu-toolchain/bin/../lib/gcc/avr32/4.4.7/../../../../avr32/lib/ucr2\libc.a(lib_a-strlen.o)
 .debug_aranges
                0x00000e18       0xf8 c:/program files (x86)/atmel/atmel toolchain/avr32 gcc/native/3.4.2.1002/avr32-gnu-toolchain/bin/../lib/gcc/avr32/4.4.7/../../../../avr32/lib/ucr2\libc.a(lib_a-syscalls.o)
 .debug_aranges
                0x00000f10       0x28 c:/program files (x86)/atmel/atmel toolchain/avr32 gcc/native/3.4.2.1002/avr32-gnu-toolchain/bin/../lib/gcc/avr32/4.4.7/../../../../avr32/lib/ucr2\libc.a(lib_a-vsprintf.o)
 .debug_aranges
                0x00000f38       0x20 c:/program files (x86)/atmel/atmel toolchain/avr32 gcc/native/3.4.2.1002/avr32-gnu-toolchain/bin/../lib/gcc/avr32/4.4.7/../../../../avr32/lib/ucr2\libc.a(lib_a-__atexit.o)
 .debug_aranges
                0x00000f58       0x20 c:/program files (x86)/atmel/atmel toolchain/avr32 gcc/native/3.4.2.1002/avr32-gnu-toolchain/bin/../lib/gcc/avr32/4.4.7/../../../../avr32/lib/ucr2\libc.a(lib_a-__call_atexit.o)
 .debug_aranges
                0x00000f78       0x20 c:/program files (x86)/atmel/atmel toolchain/avr32 gcc/native/3.4.2.1002/avr32-gnu-toolchain/bin/../lib/gcc/avr32/4.4.7/../../../../avr32/lib/ucr2\libc.a(lib_a-errno.o)
 .debug_aranges
                0x00000f98       0x80 c:/program files (x86)/atmel/atmel toolchain/avr32 gcc/native/3.4.2.1002/avr32-gnu-toolchain/bin/../lib/gcc/avr32/4.4.7/../../../../avr32/lib/ucr2\libc.a(lib_a-findfp.o)
 .debug_aranges
                0x00001018       0x28 c:/program files (x86)/atmel/atmel toolchain/avr32 gcc/native/3.4.2.1002/avr32-gnu-toolchain/bin/../lib/gcc/avr32/4.4.7/../../../../avr32/lib/ucr2\libc.a(lib_a-freer.o)